model=bilinear r=20 N=800 S=5 sigma=1.2->0.3 T=15 seeds=[0, 1, 2]
conditions 1 x seeds 3 x targets 7 = 21 trials -> /home/home/mbd/koopman/mbd_koopman/exper/out/b_baseline/trials.jsonl
  training bilinear seed 0 ...
    epoch 50/300  loss 0.00572
    epoch 100/300  loss 0.00369
    epoch 150/300  loss 0.00340
    epoch 200/300  loss 0.00396
    epoch 250/300  loss 0.00284
    epoch 300/300  loss 0.00487
  saved bilinear_r20_seed0.pt  held-out horizon error 0.2466 m
[1/21] bilinear      s0 t0 err=0.0082 steps=86 ms=16 -> STRICT
[2/21] bilinear      s0 t1 err=0.0156 steps=75 ms=16 -> STRICT
[3/21] bilinear      s0 t2 err=0.0090 steps=61 ms=16 -> STRICT
[4/21] bilinear      s0 t3 err=0.0135 steps=49 ms=16 -> STRICT
[5/21] bilinear      s0 t4 err=0.0117 steps=17 ms=16 -> STRICT
[6/21] bilinear      s0 t5 err=0.0155 steps=54 ms=16 -> STRICT
[7/21] bilinear      s0 t6 err=0.0144 steps=51 ms=16 -> STRICT
  training bilinear seed 1 ...
    epoch 50/300  loss 0.00397
    epoch 100/300  loss 0.00691
    epoch 150/300  loss 0.00377
    epoch 200/300  loss 0.00454
    epoch 250/300  loss 0.00346
    epoch 300/300  loss 0.00338
  saved bilinear_r20_seed1.pt  held-out horizon error 0.2518 m
[8/21] bilinear      s1 t0 err=0.0091 steps=23 ms=16 -> STRICT
[9/21] bilinear      s1 t1 err=0.0270 steps=36 ms=16 -> STRICT
[10/21] bilinear      s1 t2 err=0.0243 steps=42 ms=16 -> STRICT
[11/21] bilinear      s1 t3 err=0.0052 steps=25 ms=16 -> STRICT
[12/21] bilinear      s1 t4 err=0.0134 steps=18 ms=16 -> STRICT
[13/21] bilinear      s1 t5 err=0.0107 steps=69 ms=16 -> STRICT
[14/21] bilinear      s1 t6 err=0.0200 steps=31 ms=17 -> STRICT
  training bilinear seed 2 ...
    epoch 50/300  loss 0.00392
    epoch 100/300  loss 0.00479
    epoch 150/300  loss 0.00506
    epoch 200/300  loss 0.00340
    epoch 250/300  loss 0.00543
    epoch 300/300  loss 0.00327
  saved bilinear_r20_seed2.pt  held-out horizon error 0.2481 m
[15/21] bilinear      s2 t0 err=0.0112 steps=46 ms=18 -> STRICT
[16/21] bilinear      s2 t1 err=0.0175 steps=28 ms=18 -> STRICT
[17/21] bilinear      s2 t2 err=0.0146 steps=42 ms=18 -> STRICT
[18/21] bilinear      s2 t3 err=0.0091 steps=21 ms=18 -> STRICT
[19/21] bilinear      s2 t4 err=0.0115 steps=18 ms=18 -> STRICT
[20/21] bilinear      s2 t5 err=0.0084 steps=59 ms=18 -> STRICT
