model=bilinear r=20 N=800 S=5 sigma=1.2->0.3 T=15 seeds=[0, 1, 2, 3, 4]
lambdas 3 x schedules 5 x seeds 5 x targets 10 = 750 trials
  loaded bilinear_r20_seed0.pt
[1/750] lam=0.00 single_wide    s0 t0 err=0.0173 steps=120 -> miss
[2/750] lam=0.00 single_wide    s0 t1 err=0.0137 steps=120 -> miss
[3/750] lam=0.00 single_wide    s0 t2 err=0.0134 steps=120 -> miss
[4/750] lam=0.00 single_wide    s0 t3 err=0.0184 steps=120 -> miss
[5/750] lam=0.00 single_wide    s0 t4 err=0.0106 steps=120 -> miss
[6/750] lam=0.00 single_wide    s0 t5 err=0.0232 steps=120 -> miss
[7/750] lam=0.00 single_wide    s0 t6 err=0.0119 steps=120 -> miss
[8/750] lam=0.00 single_wide    s0 t7 err=0.0145 steps=85 -> STRICT
[9/750] lam=0.00 single_wide    s0 t8 err=0.0180 steps=120 -> miss
[10/750] lam=0.00 single_wide    s0 t9 err=0.0129 steps=120 -> miss
[11/750] lam=0.00 single_narrow  s0 t0 err=0.0382 steps=120 -> miss
[12/750] lam=0.00 single_narrow  s0 t1 err=0.0236 steps=87 -> STRICT
[13/750] lam=0.00 single_narrow  s0 t2 err=0.0714 steps=120 -> miss
[14/750] lam=0.00 single_narrow  s0 t3 err=0.0116 steps=69 -> STRICT
[15/750] lam=0.00 single_narrow  s0 t4 err=0.0513 steps=120 -> miss
[16/750] lam=0.00 single_narrow  s0 t5 err=0.0506 steps=120 -> miss
[17/750] lam=0.00 single_narrow  s0 t6 err=0.0281 steps=84 -> STRICT
[18/750] lam=0.00 single_narrow  s0 t7 err=0.0268 steps=120 -> miss
[19/750] lam=0.00 single_narrow  s0 t8 err=0.0344 steps=120 -> miss
[20/750] lam=0.00 single_narrow  s0 t9 err=0.0617 steps=120 -> miss
[21/750] lam=0.00 staged_wide    s0 t0 err=0.0157 steps=120 -> miss
[22/750] lam=0.00 staged_wide    s0 t1 err=0.0193 steps=71 -> STRICT
[23/750] lam=0.00 staged_wide    s0 t2 err=0.0096 steps=120 -> STRICT
[24/750] lam=0.00 staged_wide    s0 t3 err=0.0161 steps=120 -> miss
[25/750] lam=0.00 staged_wide    s0 t4 err=0.0098 steps=25 -> STRICT
[26/750] lam=0.00 staged_wide    s0 t5 err=0.0199 steps=120 -> miss
[27/750] lam=0.00 staged_wide    s0 t6 err=0.0080 steps=98 -> STRICT
[28/750] lam=0.00 staged_wide    s0 t7 err=0.0174 steps=31 -> STRICT
[29/750] lam=0.00 staged_wide    s0 t8 err=0.0164 steps=120 -> miss
[30/750] lam=0.00 staged_wide    s0 t9 err=0.0124 steps=101 -> STRICT
[31/750] lam=0.00 staged_narrow  s0 t0 err=0.0264 steps=107 -> STRICT
[32/750] lam=0.00 staged_narrow  s0 t1 err=0.0306 steps=24 -> STRICT
[33/750] lam=0.00 staged_narrow  s0 t2 err=0.0679 steps=120 -> miss
[34/750] lam=0.00 staged_narrow  s0 t3 err=0.0372 steps=64 -> STRICT
[35/750] lam=0.00 staged_narrow  s0 t4 err=0.0791 steps=120 -> miss
[36/750] lam=0.00 staged_narrow  s0 t5 err=0.0676 steps=120 -> miss
[37/750] lam=0.00 staged_narrow  s0 t6 err=0.0325 steps=34 -> STRICT
[38/750] lam=0.00 staged_narrow  s0 t7 err=0.0128 steps=120 -> miss
[39/750] lam=0.00 staged_narrow  s0 t8 err=0.0454 steps=120 -> miss
[40/750] lam=0.00 staged_narrow  s0 t9 err=0.0398 steps=120 -> miss
[41/750] lam=0.00 anneal         s0 t0 err=0.0117 steps=63 -> STRICT
[42/750] lam=0.00 anneal         s0 t1 err=0.0139 steps=64 -> STRICT
[43/750] lam=0.00 anneal         s0 t2 err=0.0062 steps=84 -> STRICT
[44/750] lam=0.00 anneal         s0 t3 err=0.0145 steps=120 -> miss
[45/750] lam=0.00 anneal         s0 t4 err=0.0082 steps=25 -> STRICT
[46/750] lam=0.00 anneal         s0 t5 err=0.0232 steps=120 -> miss
[47/750] lam=0.00 anneal         s0 t6 err=0.0063 steps=46 -> STRICT
[48/750] lam=0.00 anneal         s0 t7 err=0.0158 steps=48 -> STRICT
[49/750] lam=0.00 anneal         s0 t8 err=0.0101 steps=61 -> STRICT
[50/750] lam=0.00 anneal         s0 t9 err=0.0097 steps=62 -> STRICT
  diagnostics lam=0.0: {'cold_wide': 0.07862215511850475, 'settled_wide': 0.059761297325717375, 'cold_narrow': 0.03407986728104928, 'settled_narrow': 0.024566478985268297, 'narrow_plan_end_pred': 0.02184177442198885, 'narrow_plan_end_true': 0.07386660870510321}
[51/750] lam=0.50 single_wide    s0 t0 err=0.0105 steps=120 -> miss
[52/750] lam=0.50 single_wide    s0 t1 err=0.0095 steps=64 -> STRICT
[53/750] lam=0.50 single_wide    s0 t2 err=0.0050 steps=106 -> STRICT
[54/750] lam=0.50 single_wide    s0 t3 err=0.0093 steps=48 -> STRICT
[55/750] lam=0.50 single_wide    s0 t4 err=0.0190 steps=120 -> miss
[56/750] lam=0.50 single_wide    s0 t5 err=0.0250 steps=120 -> miss
[57/750] lam=0.50 single_wide    s0 t6 err=0.0097 steps=88 -> STRICT
[58/750] lam=0.50 single_wide    s0 t7 err=0.0240 steps=120 -> miss
[59/750] lam=0.50 single_wide    s0 t8 err=0.0128 steps=120 -> miss
[60/750] lam=0.50 single_wide    s0 t9 err=0.0050 steps=93 -> STRICT
[61/750] lam=0.50 single_narrow  s0 t0 err=0.0439 steps=120 -> miss
[62/750] lam=0.50 single_narrow  s0 t1 err=0.0231 steps=120 -> miss
[63/750] lam=0.50 single_narrow  s0 t2 err=0.0457 steps=120 -> miss
[64/750] lam=0.50 single_narrow  s0 t3 err=0.0507 steps=120 -> miss
[65/750] lam=0.50 single_narrow  s0 t4 err=0.0689 steps=120 -> miss
[66/750] lam=0.50 single_narrow  s0 t5 err=0.0521 steps=120 -> miss
[67/750] lam=0.50 single_narrow  s0 t6 err=0.0223 steps=120 -> miss
[68/750] lam=0.50 single_narrow  s0 t7 err=0.0712 steps=120 -> miss
[69/750] lam=0.50 single_narrow  s0 t8 err=0.0607 steps=92 -> STRICT
[70/750] lam=0.50 single_narrow  s0 t9 err=0.0379 steps=120 -> miss
[71/750] lam=0.50 staged_wide    s0 t0 err=0.0069 steps=110 -> STRICT
[72/750] lam=0.50 staged_wide    s0 t1 err=0.0128 steps=59 -> STRICT
[73/750] lam=0.50 staged_wide    s0 t2 err=0.0022 steps=99 -> STRICT
[74/750] lam=0.50 staged_wide    s0 t3 err=0.0043 steps=49 -> STRICT
[75/750] lam=0.50 staged_wide    s0 t4 err=0.0122 steps=120 -> miss
[76/750] lam=0.50 staged_wide    s0 t5 err=0.0209 steps=120 -> miss
[77/750] lam=0.50 staged_wide    s0 t6 err=0.0098 steps=85 -> STRICT
[78/750] lam=0.50 staged_wide    s0 t7 err=0.0220 steps=120 -> miss
[79/750] lam=0.50 staged_wide    s0 t8 err=0.0073 steps=60 -> STRICT
[80/750] lam=0.50 staged_wide    s0 t9 err=0.0073 steps=86 -> STRICT
[81/750] lam=0.50 staged_narrow  s0 t0 err=0.0412 steps=120 -> miss
[82/750] lam=0.50 staged_narrow  s0 t1 err=0.0273 steps=120 -> miss
[83/750] lam=0.50 staged_narrow  s0 t2 err=0.1274 steps=120 -> miss
[84/750] lam=0.50 staged_narrow  s0 t3 err=0.0237 steps=60 -> STRICT
[85/750] lam=0.50 staged_narrow  s0 t4 err=0.1004 steps=120 -> miss
[86/750] lam=0.50 staged_narrow  s0 t5 err=0.0493 steps=120 -> miss
[87/750] lam=0.50 staged_narrow  s0 t6 err=0.0446 steps=50 -> STRICT
[88/750] lam=0.50 staged_narrow  s0 t7 err=0.0226 steps=120 -> miss
[89/750] lam=0.50 staged_narrow  s0 t8 err=0.0455 steps=120 -> miss
[90/750] lam=0.50 staged_narrow  s0 t9 err=0.0735 steps=48 -> STRICT
[91/750] lam=0.50 anneal         s0 t0 err=0.0058 steps=73 -> STRICT
[92/750] lam=0.50 anneal         s0 t1 err=0.0122 steps=44 -> STRICT
[93/750] lam=0.50 anneal         s0 t2 err=0.0152 steps=69 -> STRICT
[94/750] lam=0.50 anneal         s0 t3 err=0.0075 steps=43 -> STRICT
[95/750] lam=0.50 anneal         s0 t4 err=0.0204 steps=120 -> miss
[96/750] lam=0.50 anneal         s0 t5 err=0.0245 steps=120 -> miss
[97/750] lam=0.50 anneal         s0 t6 err=0.0171 steps=45 -> STRICT
[98/750] lam=0.50 anneal         s0 t7 err=0.0287 steps=120 -> miss
[99/750] lam=0.50 anneal         s0 t8 err=0.0141 steps=57 -> STRICT
[100/750] lam=0.50 anneal         s0 t9 err=0.0115 steps=59 -> STRICT
  diagnostics lam=0.5: {'cold_wide': 0.07651577767205488, 'settled_wide': 0.054939067705347795, 'cold_narrow': 0.028375371679293483, 'settled_narrow': 0.024627523837616024, 'narrow_plan_end_pred': 0.06968546742509693, 'narrow_plan_end_true': 0.13246539677626848}
[101/750] lam=1.00 single_wide    s0 t0 err=0.2244 steps=120 -> miss
[102/750] lam=1.00 single_wide    s0 t1 err=0.2140 steps=120 -> miss
[103/750] lam=1.00 single_wide    s0 t2 err=0.0627 steps=120 -> miss
[104/750] lam=1.00 single_wide    s0 t3 err=0.2351 steps=120 -> miss
[105/750] lam=1.00 single_wide    s0 t4 err=0.2334 steps=120 -> miss
[106/750] lam=1.00 single_wide    s0 t5 err=0.0984 steps=120 -> miss
[107/750] lam=1.00 single_wide    s0 t6 err=0.1047 steps=120 -> miss
[108/750] lam=1.00 single_wide    s0 t7 err=0.1977 steps=120 -> miss
[109/750] lam=1.00 single_wide    s0 t8 err=0.1770 steps=120 -> miss
[110/750] lam=1.00 single_wide    s0 t9 err=0.1932 steps=120 -> miss
[111/750] lam=1.00 single_narrow  s0 t0 err=0.2694 steps=120 -> miss
[112/750] lam=1.00 single_narrow  s0 t1 err=0.3220 steps=120 -> miss
[113/750] lam=1.00 single_narrow  s0 t2 err=0.3069 steps=120 -> miss
[114/750] lam=1.00 single_narrow  s0 t3 err=0.2861 steps=120 -> miss
[115/750] lam=1.00 single_narrow  s0 t4 err=0.2678 steps=120 -> miss
[116/750] lam=1.00 single_narrow  s0 t5 err=0.1439 steps=120 -> miss
[117/750] lam=1.00 single_narrow  s0 t6 err=0.2207 steps=120 -> miss
[118/750] lam=1.00 single_narrow  s0 t7 err=0.3525 steps=120 -> miss
[119/750] lam=1.00 single_narrow  s0 t8 err=0.2363 steps=120 -> miss
[120/750] lam=1.00 single_narrow  s0 t9 err=0.4004 steps=120 -> miss
[121/750] lam=1.00 staged_wide    s0 t0 err=0.2056 steps=120 -> miss
[122/750] lam=1.00 staged_wide    s0 t1 err=0.1798 steps=120 -> miss
[123/750] lam=1.00 staged_wide    s0 t2 err=0.0582 steps=120 -> miss
[124/750] lam=1.00 staged_wide    s0 t3 err=0.2036 steps=120 -> miss
[125/750] lam=1.00 staged_wide    s0 t4 err=0.1862 steps=120 -> miss
[126/750] lam=1.00 staged_wide    s0 t5 err=0.0923 steps=120 -> miss
[127/750] lam=1.00 staged_wide    s0 t6 err=0.0902 steps=120 -> miss
[128/750] lam=1.00 staged_wide    s0 t7 err=0.1633 steps=120 -> miss
[129/750] lam=1.00 staged_wide    s0 t8 err=0.1297 steps=120 -> miss
[130/750] lam=1.00 staged_wide    s0 t9 err=0.1447 steps=120 -> miss
[131/750] lam=1.00 staged_narrow  s0 t0 err=0.1237 steps=120 -> miss
[132/750] lam=1.00 staged_narrow  s0 t1 err=0.2669 steps=120 -> miss
[133/750] lam=1.00 staged_narrow  s0 t2 err=0.2482 steps=120 -> miss
[134/750] lam=1.00 staged_narrow  s0 t3 err=0.1732 steps=120 -> miss
[135/750] lam=1.00 staged_narrow  s0 t4 err=0.2705 steps=120 -> miss
[136/750] lam=1.00 staged_narrow  s0 t5 err=0.1807 steps=120 -> miss
[137/750] lam=1.00 staged_narrow  s0 t6 err=0.1844 steps=120 -> miss
[138/750] lam=1.00 staged_narrow  s0 t7 err=0.3107 steps=120 -> miss
[139/750] lam=1.00 staged_narrow  s0 t8 err=0.3443 steps=120 -> miss
[140/750] lam=1.00 staged_narrow  s0 t9 err=0.2214 steps=120 -> miss
[141/750] lam=1.00 anneal         s0 t0 err=0.1569 steps=120 -> miss
[142/750] lam=1.00 anneal         s0 t1 err=0.1283 steps=120 -> miss
[143/750] lam=1.00 anneal         s0 t2 err=0.0185 steps=120 -> miss
[144/750] lam=1.00 anneal         s0 t3 err=0.1546 steps=120 -> miss
[145/750] lam=1.00 anneal         s0 t4 err=0.1143 steps=120 -> miss
[146/750] lam=1.00 anneal         s0 t5 err=0.0682 steps=120 -> miss
[147/750] lam=1.00 anneal         s0 t6 err=0.0586 steps=120 -> miss
[148/750] lam=1.00 anneal         s0 t7 err=0.0912 steps=120 -> miss
[149/750] lam=1.00 anneal         s0 t8 err=0.0873 steps=120 -> miss
[150/750] lam=1.00 anneal         s0 t9 err=0.1247 steps=120 -> miss
  diagnostics lam=1.0: {'cold_wide': 0.05693361396835279, 'settled_wide': 0.054551214255534185, 'cold_narrow': 0.0244476106048136, 'settled_narrow': 0.02475198348153145, 'narrow_plan_end_pred': 0.6485354088936702, 'narrow_plan_end_true': 0.840736625955511}
  loaded bilinear_r20_seed1.pt
[151/750] lam=0.00 single_wide    s1 t0 err=0.0065 steps=77 -> STRICT
[152/750] lam=0.00 single_wide    s1 t1 err=0.0073 steps=65 -> STRICT
[153/750] lam=0.00 single_wide    s1 t2 err=0.0099 steps=86 -> STRICT
[154/750] lam=0.00 single_wide    s1 t3 err=0.0052 steps=28 -> STRICT
[155/750] lam=0.00 single_wide    s1 t4 err=0.0091 steps=25 -> STRICT
[156/750] lam=0.00 single_wide    s1 t5 err=0.0107 steps=115 -> STRICT
[157/750] lam=0.00 single_wide    s1 t6 err=0.0094 steps=60 -> STRICT
[158/750] lam=0.00 single_wide    s1 t7 err=0.0122 steps=56 -> STRICT
[159/750] lam=0.00 single_wide    s1 t8 err=0.0069 steps=57 -> STRICT
[160/750] lam=0.00 single_wide    s1 t9 err=0.0091 steps=78 -> STRICT
[161/750] lam=0.00 single_narrow  s1 t0 err=0.0584 steps=120 -> miss
[162/750] lam=0.00 single_narrow  s1 t1 err=0.0310 steps=120 -> miss
[163/750] lam=0.00 single_narrow  s1 t2 err=0.0818 steps=120 -> miss
[164/750] lam=0.00 single_narrow  s1 t3 err=0.0202 steps=27 -> STRICT
[165/750] lam=0.00 single_narrow  s1 t4 err=0.0549 steps=27 -> STRICT
[166/750] lam=0.00 single_narrow  s1 t5 err=0.0229 steps=120 -> miss
[167/750] lam=0.00 single_narrow  s1 t6 err=0.0378 steps=120 -> miss
[168/750] lam=0.00 single_narrow  s1 t7 err=0.0346 steps=120 -> miss
[169/750] lam=0.00 single_narrow  s1 t8 err=0.0490 steps=66 -> STRICT
[170/750] lam=0.00 single_narrow  s1 t9 err=0.0645 steps=120 -> miss
[171/750] lam=0.00 staged_wide    s1 t0 err=0.0034 steps=52 -> STRICT
[172/750] lam=0.00 staged_wide    s1 t1 err=0.0155 steps=44 -> STRICT
[173/750] lam=0.00 staged_wide    s1 t2 err=0.0126 steps=82 -> STRICT
[174/750] lam=0.00 staged_wide    s1 t3 err=0.0061 steps=45 -> STRICT
[175/750] lam=0.00 staged_wide    s1 t4 err=0.0092 steps=25 -> STRICT
[176/750] lam=0.00 staged_wide    s1 t5 err=0.0118 steps=87 -> STRICT
[177/750] lam=0.00 staged_wide    s1 t6 err=0.0127 steps=47 -> STRICT
[178/750] lam=0.00 staged_wide    s1 t7 err=0.0180 steps=63 -> STRICT
[179/750] lam=0.00 staged_wide    s1 t8 err=0.0069 steps=57 -> STRICT
[180/750] lam=0.00 staged_wide    s1 t9 err=0.0183 steps=72 -> STRICT
[181/750] lam=0.00 staged_narrow  s1 t0 err=0.0333 steps=24 -> STRICT
[182/750] lam=0.00 staged_narrow  s1 t1 err=0.0423 steps=120 -> miss
[183/750] lam=0.00 staged_narrow  s1 t2 err=0.0625 steps=120 -> miss
[184/750] lam=0.00 staged_narrow  s1 t3 err=0.0351 steps=120 -> miss
[185/750] lam=0.00 staged_narrow  s1 t4 err=0.0983 steps=120 -> miss
[186/750] lam=0.00 staged_narrow  s1 t5 err=0.0561 steps=120 -> miss
[187/750] lam=0.00 staged_narrow  s1 t6 err=0.0204 steps=120 -> miss
[188/750] lam=0.00 staged_narrow  s1 t7 err=0.0162 steps=120 -> miss
[189/750] lam=0.00 staged_narrow  s1 t8 err=0.0385 steps=120 -> miss
[190/750] lam=0.00 staged_narrow  s1 t9 err=0.0724 steps=120 -> miss
[191/750] lam=0.00 anneal         s1 t0 err=0.0048 steps=38 -> STRICT
[192/750] lam=0.00 anneal         s1 t1 err=0.0141 steps=38 -> STRICT
[193/750] lam=0.00 anneal         s1 t2 err=0.0228 steps=42 -> STRICT
[194/750] lam=0.00 anneal         s1 t3 err=0.0078 steps=18 -> STRICT
[195/750] lam=0.00 anneal         s1 t4 err=0.0177 steps=19 -> STRICT
[196/750] lam=0.00 anneal         s1 t5 err=0.0159 steps=96 -> STRICT
[197/750] lam=0.00 anneal         s1 t6 err=0.0173 steps=37 -> STRICT
[198/750] lam=0.00 anneal         s1 t7 err=0.0236 steps=56 -> STRICT
[199/750] lam=0.00 anneal         s1 t8 err=0.0088 steps=37 -> STRICT
[200/750] lam=0.00 anneal         s1 t9 err=0.0229 steps=51 -> STRICT
[201/750] lam=0.50 single_wide    s1 t0 err=0.0139 steps=120 -> miss
[202/750] lam=0.50 single_wide    s1 t1 err=0.0154 steps=67 -> STRICT
[203/750] lam=0.50 single_wide    s1 t2 err=0.0148 steps=120 -> miss
[204/750] lam=0.50 single_wide    s1 t3 err=0.0107 steps=21 -> STRICT
[205/750] lam=0.50 single_wide    s1 t4 err=0.0200 steps=24 -> STRICT
[206/750] lam=0.50 single_wide    s1 t5 err=0.0210 steps=120 -> miss
[207/750] lam=0.50 single_wide    s1 t6 err=0.0157 steps=59 -> STRICT
[208/750] lam=0.50 single_wide    s1 t7 err=0.0249 steps=120 -> miss
[209/750] lam=0.50 single_wide    s1 t8 err=0.0103 steps=37 -> STRICT
[210/750] lam=0.50 single_wide    s1 t9 err=0.0118 steps=96 -> STRICT
[211/750] lam=0.50 single_narrow  s1 t0 err=0.0658 steps=120 -> miss
[212/750] lam=0.50 single_narrow  s1 t1 err=0.0472 steps=120 -> miss
[213/750] lam=0.50 single_narrow  s1 t2 err=0.0733 steps=120 -> miss
[214/750] lam=0.50 single_narrow  s1 t3 err=0.0455 steps=120 -> miss
[215/750] lam=0.50 single_narrow  s1 t4 err=0.0708 steps=120 -> miss
[216/750] lam=0.50 single_narrow  s1 t5 err=0.0284 steps=120 -> miss
[217/750] lam=0.50 single_narrow  s1 t6 err=0.0275 steps=120 -> miss
[218/750] lam=0.50 single_narrow  s1 t7 err=0.0837 steps=120 -> miss
[219/750] lam=0.50 single_narrow  s1 t8 err=0.0702 steps=120 -> miss
[220/750] lam=0.50 single_narrow  s1 t9 err=0.0512 steps=120 -> miss
[221/750] lam=0.50 staged_wide    s1 t0 err=0.0110 steps=53 -> STRICT
[222/750] lam=0.50 staged_wide    s1 t1 err=0.0177 steps=76 -> STRICT
[223/750] lam=0.50 staged_wide    s1 t2 err=0.0159 steps=84 -> STRICT
[224/750] lam=0.50 staged_wide    s1 t3 err=0.0121 steps=37 -> STRICT
[225/750] lam=0.50 staged_wide    s1 t4 err=0.0180 steps=29 -> STRICT
[226/750] lam=0.50 staged_wide    s1 t5 err=0.0163 steps=120 -> miss
[227/750] lam=0.50 staged_wide    s1 t6 err=0.0192 steps=47 -> STRICT
[228/750] lam=0.50 staged_wide    s1 t7 err=0.0232 steps=120 -> miss
[229/750] lam=0.50 staged_wide    s1 t8 err=0.0079 steps=36 -> STRICT
[230/750] lam=0.50 staged_wide    s1 t9 err=0.0143 steps=120 -> miss
[231/750] lam=0.50 staged_narrow  s1 t0 err=0.0410 steps=120 -> miss
[232/750] lam=0.50 staged_narrow  s1 t1 err=0.0469 steps=120 -> miss
[233/750] lam=0.50 staged_narrow  s1 t2 err=0.0957 steps=120 -> miss
[234/750] lam=0.50 staged_narrow  s1 t3 err=0.0238 steps=120 -> miss
[235/750] lam=0.50 staged_narrow  s1 t4 err=0.1221 steps=120 -> miss
[236/750] lam=0.50 staged_narrow  s1 t5 err=0.0358 steps=80 -> STRICT
[237/750] lam=0.50 staged_narrow  s1 t6 err=0.0279 steps=91 -> STRICT
[238/750] lam=0.50 staged_narrow  s1 t7 err=0.0351 steps=120 -> miss
[239/750] lam=0.50 staged_narrow  s1 t8 err=0.0449 steps=120 -> miss
[240/750] lam=0.50 staged_narrow  s1 t9 err=0.0888 steps=120 -> miss
[241/750] lam=0.50 anneal         s1 t0 err=0.0149 steps=45 -> STRICT
[242/750] lam=0.50 anneal         s1 t1 err=0.0200 steps=38 -> STRICT
[243/750] lam=0.50 anneal         s1 t2 err=0.0261 steps=51 -> STRICT
[244/750] lam=0.50 anneal         s1 t3 err=0.0144 steps=18 -> STRICT
[245/750] lam=0.50 anneal         s1 t4 err=0.0262 steps=23 -> STRICT
[246/750] lam=0.50 anneal         s1 t5 err=0.0179 steps=120 -> miss
[247/750] lam=0.50 anneal         s1 t6 err=0.0243 steps=60 -> STRICT
[248/750] lam=0.50 anneal         s1 t7 err=0.0338 steps=120 -> miss
[249/750] lam=0.50 anneal         s1 t8 err=0.0175 steps=30 -> STRICT
[250/750] lam=0.50 anneal         s1 t9 err=0.0219 steps=61 -> STRICT
[251/750] lam=1.00 single_wide    s1 t0 err=0.2100 steps=120 -> miss
[252/750] lam=1.00 single_wide    s1 t1 err=0.2123 steps=120 -> miss
[253/750] lam=1.00 single_wide    s1 t2 err=0.0277 steps=120 -> miss
[254/750] lam=1.00 single_wide    s1 t3 err=0.2615 steps=120 -> miss
[255/750] lam=1.00 single_wide    s1 t4 err=0.2539 steps=120 -> miss
[256/750] lam=1.00 single_wide    s1 t5 err=0.0661 steps=120 -> miss
[257/750] lam=1.00 single_wide    s1 t6 err=0.1023 steps=120 -> miss
[258/750] lam=1.00 single_wide    s1 t7 err=0.2012 steps=120 -> miss
[259/750] lam=1.00 single_wide    s1 t8 err=0.2112 steps=120 -> miss
[260/750] lam=1.00 single_wide    s1 t9 err=0.1825 steps=120 -> miss
[261/750] lam=1.00 single_narrow  s1 t0 err=0.2928 steps=120 -> miss
[262/750] lam=1.00 single_narrow  s1 t1 err=0.2771 steps=120 -> miss
[263/750] lam=1.00 single_narrow  s1 t2 err=0.2360 steps=120 -> miss
[264/750] lam=1.00 single_narrow  s1 t3 err=0.3161 steps=120 -> miss
[265/750] lam=1.00 single_narrow  s1 t4 err=0.2364 steps=120 -> miss
[266/750] lam=1.00 single_narrow  s1 t5 err=0.1025 steps=120 -> miss
[267/750] lam=1.00 single_narrow  s1 t6 err=0.1897 steps=120 -> miss
[268/750] lam=1.00 single_narrow  s1 t7 err=0.2739 steps=120 -> miss
[269/750] lam=1.00 single_narrow  s1 t8 err=0.2387 steps=120 -> miss
[270/750] lam=1.00 single_narrow  s1 t9 err=0.3684 steps=120 -> miss
[271/750] lam=1.00 staged_wide    s1 t0 err=0.1985 steps=120 -> miss
[272/750] lam=1.00 staged_wide    s1 t1 err=0.1971 steps=120 -> miss
[273/750] lam=1.00 staged_wide    s1 t2 err=0.0226 steps=120 -> miss
[274/750] lam=1.00 staged_wide    s1 t3 err=0.2356 steps=120 -> miss
[275/750] lam=1.00 staged_wide    s1 t4 err=0.2389 steps=120 -> miss
[276/750] lam=1.00 staged_wide    s1 t5 err=0.0652 steps=120 -> miss
[277/750] lam=1.00 staged_wide    s1 t6 err=0.1010 steps=120 -> miss
[278/750] lam=1.00 staged_wide    s1 t7 err=0.1991 steps=120 -> miss
[279/750] lam=1.00 staged_wide    s1 t8 err=0.1713 steps=120 -> miss
[280/750] lam=1.00 staged_wide    s1 t9 err=0.1422 steps=120 -> miss
[281/750] lam=1.00 staged_narrow  s1 t0 err=0.1928 steps=120 -> miss
[282/750] lam=1.00 staged_narrow  s1 t1 err=0.0914 steps=120 -> miss
[283/750] lam=1.00 staged_narrow  s1 t2 err=0.2457 steps=120 -> miss
[284/750] lam=1.00 staged_narrow  s1 t3 err=0.3575 steps=120 -> miss
[285/750] lam=1.00 staged_narrow  s1 t4 err=0.1400 steps=120 -> miss
[286/750] lam=1.00 staged_narrow  s1 t5 err=0.1640 steps=120 -> miss
[287/750] lam=1.00 staged_narrow  s1 t6 err=0.2057 steps=120 -> miss
[288/750] lam=1.00 staged_narrow  s1 t7 err=0.1353 steps=120 -> miss
[289/750] lam=1.00 staged_narrow  s1 t8 err=0.4861 steps=120 -> miss
[290/750] lam=1.00 staged_narrow  s1 t9 err=0.0995 steps=120 -> miss
[291/750] lam=1.00 anneal         s1 t0 err=0.1402 steps=120 -> miss
[292/750] lam=1.00 anneal         s1 t1 err=0.1534 steps=120 -> miss
[293/750] lam=1.00 anneal         s1 t2 err=0.0270 steps=120 -> miss
[294/750] lam=1.00 anneal         s1 t3 err=0.1824 steps=120 -> miss
[295/750] lam=1.00 anneal         s1 t4 err=0.1901 steps=120 -> miss
[296/750] lam=1.00 anneal         s1 t5 err=0.0623 steps=120 -> miss
[297/750] lam=1.00 anneal         s1 t6 err=0.0623 steps=120 -> miss
[298/750] lam=1.00 anneal         s1 t7 err=0.1257 steps=120 -> miss
[299/750] lam=1.00 anneal         s1 t8 err=0.1250 steps=120 -> miss
[300/750] lam=1.00 anneal         s1 t9 err=0.1206 steps=120 -> miss
  loaded bilinear_r20_seed2.pt
[301/750] lam=0.00 single_wide    s2 t0 err=0.0144 steps=120 -> miss
[302/750] lam=0.00 single_wide    s2 t1 err=0.0100 steps=48 -> STRICT
[303/750] lam=0.00 single_wide    s2 t2 err=0.0123 steps=76 -> STRICT
[304/750] lam=0.00 single_wide    s2 t3 err=0.0107 steps=50 -> STRICT
[305/750] lam=0.00 single_wide    s2 t4 err=0.0124 steps=24 -> STRICT
[306/750] lam=0.00 single_wide    s2 t5 err=0.0105 steps=92 -> STRICT
[307/750] lam=0.00 single_wide    s2 t6 err=0.0096 steps=55 -> STRICT
[308/750] lam=0.00 single_wide    s2 t7 err=0.0132 steps=41 -> STRICT
[309/750] lam=0.00 single_wide    s2 t8 err=0.0034 steps=47 -> STRICT
[310/750] lam=0.00 single_wide    s2 t9 err=0.0113 steps=62 -> STRICT
[311/750] lam=0.00 single_narrow  s2 t0 err=0.0608 steps=120 -> miss
[312/750] lam=0.00 single_narrow  s2 t1 err=0.0443 steps=120 -> miss
[313/750] lam=0.00 single_narrow  s2 t2 err=0.0925 steps=120 -> miss
[314/750] lam=0.00 single_narrow  s2 t3 err=0.0251 steps=27 -> STRICT
[315/750] lam=0.00 single_narrow  s2 t4 err=0.0567 steps=120 -> miss
[316/750] lam=0.00 single_narrow  s2 t5 err=0.0183 steps=120 -> miss
[317/750] lam=0.00 single_narrow  s2 t6 err=0.0470 steps=120 -> miss
[318/750] lam=0.00 single_narrow  s2 t7 err=0.0410 steps=120 -> miss
[319/750] lam=0.00 single_narrow  s2 t8 err=0.0564 steps=120 -> miss
[320/750] lam=0.00 single_narrow  s2 t9 err=0.0713 steps=72 -> STRICT
[321/750] lam=0.00 staged_wide    s2 t0 err=0.0102 steps=75 -> STRICT
[322/750] lam=0.00 staged_wide    s2 t1 err=0.0083 steps=35 -> STRICT
[323/750] lam=0.00 staged_wide    s2 t2 err=0.0111 steps=60 -> STRICT
[324/750] lam=0.00 staged_wide    s2 t3 err=0.0119 steps=47 -> STRICT
[325/750] lam=0.00 staged_wide    s2 t4 err=0.0077 steps=27 -> STRICT
[326/750] lam=0.00 staged_wide    s2 t5 err=0.0099 steps=58 -> STRICT
[327/750] lam=0.00 staged_wide    s2 t6 err=0.0103 steps=47 -> STRICT
[328/750] lam=0.00 staged_wide    s2 t7 err=0.0106 steps=26 -> STRICT
[329/750] lam=0.00 staged_wide    s2 t8 err=0.0091 steps=49 -> STRICT
[330/750] lam=0.00 staged_wide    s2 t9 err=0.0081 steps=60 -> STRICT
[331/750] lam=0.00 staged_narrow  s2 t0 err=0.0305 steps=102 -> STRICT
[332/750] lam=0.00 staged_narrow  s2 t1 err=0.0488 steps=120 -> miss
[333/750] lam=0.00 staged_narrow  s2 t2 err=0.0492 steps=120 -> miss
[334/750] lam=0.00 staged_narrow  s2 t3 err=0.0375 steps=15 -> STRICT
[335/750] lam=0.00 staged_narrow  s2 t4 err=0.0709 steps=120 -> miss
[336/750] lam=0.00 staged_narrow  s2 t5 err=0.0554 steps=120 -> miss
[337/750] lam=0.00 staged_narrow  s2 t6 err=0.0124 steps=91 -> STRICT
[338/750] lam=0.00 staged_narrow  s2 t7 err=0.0172 steps=120 -> miss
[339/750] lam=0.00 staged_narrow  s2 t8 err=0.0402 steps=120 -> miss
[340/750] lam=0.00 staged_narrow  s2 t9 err=0.0622 steps=35 -> STRICT
[341/750] lam=0.00 anneal         s2 t0 err=0.0074 steps=42 -> STRICT
[342/750] lam=0.00 anneal         s2 t1 err=0.0069 steps=24 -> STRICT
[343/750] lam=0.00 anneal         s2 t2 err=0.0175 steps=34 -> STRICT
[344/750] lam=0.00 anneal         s2 t3 err=0.0133 steps=31 -> STRICT
[345/750] lam=0.00 anneal         s2 t4 err=0.0151 steps=20 -> STRICT
[346/750] lam=0.00 anneal         s2 t5 err=0.0145 steps=95 -> STRICT
[347/750] lam=0.00 anneal         s2 t6 err=0.0121 steps=56 -> STRICT
[348/750] lam=0.00 anneal         s2 t7 err=0.0184 steps=24 -> STRICT
[349/750] lam=0.00 anneal         s2 t8 err=0.0063 steps=36 -> STRICT
[350/750] lam=0.00 anneal         s2 t9 err=0.0114 steps=35 -> STRICT
[351/750] lam=0.50 single_wide    s2 t0 err=0.0195 steps=120 -> miss
[352/750] lam=0.50 single_wide    s2 t1 err=0.0196 steps=65 -> STRICT
[353/750] lam=0.50 single_wide    s2 t2 err=0.0211 steps=120 -> miss
[354/750] lam=0.50 single_wide    s2 t3 err=0.0160 steps=20 -> STRICT
[355/750] lam=0.50 single_wide    s2 t4 err=0.0237 steps=25 -> STRICT
[356/750] lam=0.50 single_wide    s2 t5 err=0.0238 steps=120 -> miss
[357/750] lam=0.50 single_wide    s2 t6 err=0.0206 steps=56 -> STRICT
[358/750] lam=0.50 single_wide    s2 t7 err=0.0278 steps=120 -> miss
[359/750] lam=0.50 single_wide    s2 t8 err=0.0151 steps=39 -> STRICT
[360/750] lam=0.50 single_wide    s2 t9 err=0.0185 steps=68 -> STRICT
[361/750] lam=0.50 single_narrow  s2 t0 err=0.0776 steps=120 -> miss
[362/750] lam=0.50 single_narrow  s2 t1 err=0.0480 steps=120 -> miss
[363/750] lam=0.50 single_narrow  s2 t2 err=0.0899 steps=120 -> miss
[364/750] lam=0.50 single_narrow  s2 t3 err=0.0535 steps=30 -> STRICT
[365/750] lam=0.50 single_narrow  s2 t4 err=0.0754 steps=120 -> miss
[366/750] lam=0.50 single_narrow  s2 t5 err=0.0330 steps=120 -> miss
[367/750] lam=0.50 single_narrow  s2 t6 err=0.0360 steps=120 -> miss
[368/750] lam=0.50 single_narrow  s2 t7 err=0.0822 steps=120 -> miss
[369/750] lam=0.50 single_narrow  s2 t8 err=0.0758 steps=120 -> miss
[370/750] lam=0.50 single_narrow  s2 t9 err=0.0557 steps=120 -> miss
[371/750] lam=0.50 staged_wide    s2 t0 err=0.0159 steps=120 -> miss
[372/750] lam=0.50 staged_wide    s2 t1 err=0.0185 steps=47 -> STRICT
[373/750] lam=0.50 staged_wide    s2 t2 err=0.0217 steps=66 -> STRICT
[374/750] lam=0.50 staged_wide    s2 t3 err=0.0173 steps=36 -> STRICT
[375/750] lam=0.50 staged_wide    s2 t4 err=0.0204 steps=27 -> STRICT
[376/750] lam=0.50 staged_wide    s2 t5 err=0.0196 steps=120 -> miss
[377/750] lam=0.50 staged_wide    s2 t6 err=0.0223 steps=59 -> STRICT
[378/750] lam=0.50 staged_wide    s2 t7 err=0.0233 steps=120 -> miss
[379/750] lam=0.50 staged_wide    s2 t8 err=0.0134 steps=36 -> STRICT
[380/750] lam=0.50 staged_wide    s2 t9 err=0.0203 steps=68 -> STRICT
[381/750] lam=0.50 staged_narrow  s2 t0 err=0.0319 steps=120 -> miss
[382/750] lam=0.50 staged_narrow  s2 t1 err=0.0425 steps=120 -> miss
[383/750] lam=0.50 staged_narrow  s2 t2 err=0.0765 steps=120 -> miss
[384/750] lam=0.50 staged_narrow  s2 t3 err=0.0307 steps=13 -> STRICT
[385/750] lam=0.50 staged_narrow  s2 t4 err=0.0979 steps=120 -> miss
[386/750] lam=0.50 staged_narrow  s2 t5 err=0.0351 steps=120 -> miss
[387/750] lam=0.50 staged_narrow  s2 t6 err=0.0243 steps=94 -> STRICT
[388/750] lam=0.50 staged_narrow  s2 t7 err=0.0329 steps=120 -> miss
[389/750] lam=0.50 staged_narrow  s2 t8 err=0.0508 steps=120 -> miss
[390/750] lam=0.50 staged_narrow  s2 t9 err=0.0839 steps=120 -> miss
[391/750] lam=0.50 anneal         s2 t0 err=0.0185 steps=120 -> miss
[392/750] lam=0.50 anneal         s2 t1 err=0.0201 steps=34 -> STRICT
[393/750] lam=0.50 anneal         s2 t2 err=0.0287 steps=120 -> miss
[394/750] lam=0.50 anneal         s2 t3 err=0.0192 steps=16 -> STRICT
[395/750] lam=0.50 anneal         s2 t4 err=0.0280 steps=24 -> STRICT
[396/750] lam=0.50 anneal         s2 t5 err=0.0218 steps=120 -> miss
[397/750] lam=0.50 anneal         s2 t6 err=0.0260 steps=120 -> miss
[398/750] lam=0.50 anneal         s2 t7 err=0.0340 steps=120 -> miss
[399/750] lam=0.50 anneal         s2 t8 err=0.0210 steps=30 -> STRICT
[400/750] lam=0.50 anneal         s2 t9 err=0.0242 steps=37 -> STRICT
[401/750] lam=1.00 single_wide    s2 t0 err=0.0649 steps=120 -> miss
[402/750] lam=1.00 single_wide    s2 t1 err=0.0483 steps=120 -> miss
[403/750] lam=1.00 single_wide    s2 t2 err=0.0200 steps=120 -> miss
[404/750] lam=1.00 single_wide    s2 t3 err=0.0466 steps=120 -> miss
[405/750] lam=1.00 single_wide    s2 t4 err=0.0250 steps=120 -> miss
[406/750] lam=1.00 single_wide    s2 t5 err=0.0682 steps=120 -> miss
[407/750] lam=1.00 single_wide    s2 t6 err=0.0127 steps=120 -> miss
[408/750] lam=1.00 single_wide    s2 t7 err=0.0244 steps=120 -> miss
[409/750] lam=1.00 single_wide    s2 t8 err=0.0273 steps=120 -> miss
[410/750] lam=1.00 single_wide    s2 t9 err=0.0466 steps=120 -> miss
[411/750] lam=1.00 single_narrow  s2 t0 err=0.1843 steps=120 -> miss
[412/750] lam=1.00 single_narrow  s2 t1 err=0.1895 steps=120 -> miss
[413/750] lam=1.00 single_narrow  s2 t2 err=0.3000 steps=120 -> miss
[414/750] lam=1.00 single_narrow  s2 t3 err=0.0966 steps=120 -> miss
[415/750] lam=1.00 single_narrow  s2 t4 err=0.1830 steps=120 -> miss
[416/750] lam=1.00 single_narrow  s2 t5 err=0.0933 steps=120 -> miss
[417/750] lam=1.00 single_narrow  s2 t6 err=0.0567 steps=120 -> miss
[418/750] lam=1.00 single_narrow  s2 t7 err=0.0343 steps=120 -> miss
[419/750] lam=1.00 single_narrow  s2 t8 err=0.1042 steps=120 -> miss
[420/750] lam=1.00 single_narrow  s2 t9 err=0.1590 steps=120 -> miss
[421/750] lam=1.00 staged_wide    s2 t0 err=0.0569 steps=120 -> miss
[422/750] lam=1.00 staged_wide    s2 t1 err=0.0378 steps=120 -> miss
[423/750] lam=1.00 staged_wide    s2 t2 err=0.0195 steps=120 -> miss
[424/750] lam=1.00 staged_wide    s2 t3 err=0.0448 steps=120 -> miss
[425/750] lam=1.00 staged_wide    s2 t4 err=0.0203 steps=120 -> miss
[426/750] lam=1.00 staged_wide    s2 t5 err=0.0583 steps=120 -> miss
[427/750] lam=1.00 staged_wide    s2 t6 err=0.0099 steps=107 -> STRICT
[428/750] lam=1.00 staged_wide    s2 t7 err=0.0116 steps=120 -> miss
[429/750] lam=1.00 staged_wide    s2 t8 err=0.0252 steps=120 -> miss
[430/750] lam=1.00 staged_wide    s2 t9 err=0.0264 steps=120 -> miss
[431/750] lam=1.00 staged_narrow  s2 t0 err=0.2114 steps=120 -> miss
[432/750] lam=1.00 staged_narrow  s2 t1 err=0.2624 steps=120 -> miss
[433/750] lam=1.00 staged_narrow  s2 t2 err=0.2569 steps=120 -> miss
[434/750] lam=1.00 staged_narrow  s2 t3 err=0.2781 steps=120 -> miss
[435/750] lam=1.00 staged_narrow  s2 t4 err=0.1500 steps=120 -> miss
[436/750] lam=1.00 staged_narrow  s2 t5 err=0.0957 steps=120 -> miss
[437/750] lam=1.00 staged_narrow  s2 t6 err=0.0859 steps=120 -> miss
[438/750] lam=1.00 staged_narrow  s2 t7 err=0.3296 steps=120 -> miss
[439/750] lam=1.00 staged_narrow  s2 t8 err=0.2462 steps=120 -> miss
[440/750] lam=1.00 staged_narrow  s2 t9 err=0.1524 steps=120 -> miss
[441/750] lam=1.00 anneal         s2 t0 err=0.0430 steps=120 -> miss
[442/750] lam=1.00 anneal         s2 t1 err=0.0205 steps=120 -> miss
[443/750] lam=1.00 anneal         s2 t2 err=0.0243 steps=120 -> miss
[444/750] lam=1.00 anneal         s2 t3 err=0.0462 steps=120 -> miss
[445/750] lam=1.00 anneal         s2 t4 err=0.0273 steps=120 -> miss
[446/750] lam=1.00 anneal         s2 t5 err=0.0406 steps=120 -> miss
[447/750] lam=1.00 anneal         s2 t6 err=0.0178 steps=120 -> miss
[448/750] lam=1.00 anneal         s2 t7 err=0.0387 steps=120 -> miss
[449/750] lam=1.00 anneal         s2 t8 err=0.0172 steps=93 -> STRICT
[450/750] lam=1.00 anneal         s2 t9 err=0.0136 steps=107 -> STRICT
  loaded bilinear_r20_seed3.pt
[451/750] lam=0.00 single_wide    s3 t0 err=0.0123 steps=96 -> STRICT
[452/750] lam=0.00 single_wide    s3 t1 err=0.0056 steps=70 -> STRICT
[453/750] lam=0.00 single_wide    s3 t2 err=0.0048 steps=95 -> STRICT
[454/750] lam=0.00 single_wide    s3 t3 err=0.0087 steps=23 -> STRICT
[455/750] lam=0.00 single_wide    s3 t4 err=0.0056 steps=25 -> STRICT
[456/750] lam=0.00 single_wide    s3 t5 err=0.0098 steps=118 -> STRICT
[457/750] lam=0.00 single_wide    s3 t6 err=0.0042 steps=88 -> STRICT
[458/750] lam=0.00 single_wide    s3 t7 err=0.0069 steps=34 -> STRICT
[459/750] lam=0.00 single_wide    s3 t8 err=0.0083 steps=73 -> STRICT
[460/750] lam=0.00 single_wide    s3 t9 err=0.0018 steps=86 -> STRICT
[461/750] lam=0.00 single_narrow  s3 t0 err=0.0583 steps=120 -> miss
[462/750] lam=0.00 single_narrow  s3 t1 err=0.0086 steps=112 -> STRICT
[463/750] lam=0.00 single_narrow  s3 t2 err=0.0506 steps=120 -> miss
[464/750] lam=0.00 single_narrow  s3 t3 err=0.0205 steps=26 -> STRICT
[465/750] lam=0.00 single_narrow  s3 t4 err=0.0331 steps=26 -> STRICT
[466/750] lam=0.00 single_narrow  s3 t5 err=0.0462 steps=120 -> miss
[467/750] lam=0.00 single_narrow  s3 t6 err=0.0189 steps=82 -> STRICT
[468/750] lam=0.00 single_narrow  s3 t7 err=0.0189 steps=120 -> miss
[469/750] lam=0.00 single_narrow  s3 t8 err=0.0481 steps=120 -> miss
[470/750] lam=0.00 single_narrow  s3 t9 err=0.0288 steps=120 -> miss
[471/750] lam=0.00 staged_wide    s3 t0 err=0.0084 steps=75 -> STRICT
[472/750] lam=0.00 staged_wide    s3 t1 err=0.0122 steps=48 -> STRICT
[473/750] lam=0.00 staged_wide    s3 t2 err=0.0061 steps=71 -> STRICT
[474/750] lam=0.00 staged_wide    s3 t3 err=0.0113 steps=43 -> STRICT
[475/750] lam=0.00 staged_wide    s3 t4 err=0.0105 steps=27 -> STRICT
[476/750] lam=0.00 staged_wide    s3 t5 err=0.0054 steps=108 -> STRICT
[477/750] lam=0.00 staged_wide    s3 t6 err=0.0066 steps=81 -> STRICT
[478/750] lam=0.00 staged_wide    s3 t7 err=0.0120 steps=26 -> STRICT
[479/750] lam=0.00 staged_wide    s3 t8 err=0.0096 steps=57 -> STRICT
[480/750] lam=0.00 staged_wide    s3 t9 err=0.0034 steps=79 -> STRICT
[481/750] lam=0.00 staged_narrow  s3 t0 err=0.0398 steps=120 -> miss
[482/750] lam=0.00 staged_narrow  s3 t1 err=0.0246 steps=36 -> STRICT
[483/750] lam=0.00 staged_narrow  s3 t2 err=0.0742 steps=120 -> miss
[484/750] lam=0.00 staged_narrow  s3 t3 err=0.0535 steps=15 -> STRICT
[485/750] lam=0.00 staged_narrow  s3 t4 err=0.0886 steps=18 -> STRICT
[486/750] lam=0.00 staged_narrow  s3 t5 err=0.0438 steps=120 -> miss
[487/750] lam=0.00 staged_narrow  s3 t6 err=0.0649 steps=69 -> STRICT
[488/750] lam=0.00 staged_narrow  s3 t7 err=0.0106 steps=120 -> miss
[489/750] lam=0.00 staged_narrow  s3 t8 err=0.0443 steps=120 -> miss
[490/750] lam=0.00 staged_narrow  s3 t9 err=0.0490 steps=120 -> miss
[491/750] lam=0.00 anneal         s3 t0 err=0.0064 steps=52 -> STRICT
[492/750] lam=0.00 anneal         s3 t1 err=0.0057 steps=35 -> STRICT
[493/750] lam=0.00 anneal         s3 t2 err=0.0137 steps=51 -> STRICT
[494/750] lam=0.00 anneal         s3 t3 err=0.0125 steps=18 -> STRICT
[495/750] lam=0.00 anneal         s3 t4 err=0.0005 steps=23 -> STRICT
[496/750] lam=0.00 anneal         s3 t5 err=0.0067 steps=115 -> STRICT
[497/750] lam=0.00 anneal         s3 t6 err=0.0085 steps=47 -> STRICT
[498/750] lam=0.00 anneal         s3 t7 err=0.0086 steps=23 -> STRICT
[499/750] lam=0.00 anneal         s3 t8 err=0.0122 steps=46 -> STRICT
[500/750] lam=0.00 anneal         s3 t9 err=0.0051 steps=59 -> STRICT
[501/750] lam=0.50 single_wide    s3 t0 err=0.0143 steps=99 -> STRICT
[502/750] lam=0.50 single_wide    s3 t1 err=0.0069 steps=68 -> STRICT
[503/750] lam=0.50 single_wide    s3 t2 err=0.0087 steps=97 -> STRICT
[504/750] lam=0.50 single_wide    s3 t3 err=0.0121 steps=21 -> STRICT
[505/750] lam=0.50 single_wide    s3 t4 err=0.0094 steps=25 -> STRICT
[506/750] lam=0.50 single_wide    s3 t5 err=0.0214 steps=120 -> miss
[507/750] lam=0.50 single_wide    s3 t6 err=0.0076 steps=78 -> STRICT
[508/750] lam=0.50 single_wide    s3 t7 err=0.0150 steps=120 -> miss
[509/750] lam=0.50 single_wide    s3 t8 err=0.0110 steps=52 -> STRICT
[510/750] lam=0.50 single_wide    s3 t9 err=0.0031 steps=95 -> STRICT
[511/750] lam=0.50 single_narrow  s3 t0 err=0.0562 steps=120 -> miss
[512/750] lam=0.50 single_narrow  s3 t1 err=0.0311 steps=120 -> miss
[513/750] lam=0.50 single_narrow  s3 t2 err=0.0417 steps=120 -> miss
[514/750] lam=0.50 single_narrow  s3 t3 err=0.0403 steps=120 -> miss
[515/750] lam=0.50 single_narrow  s3 t4 err=0.0508 steps=30 -> STRICT
[516/750] lam=0.50 single_narrow  s3 t5 err=0.0650 steps=120 -> miss
[517/750] lam=0.50 single_narrow  s3 t6 err=0.0064 steps=116 -> STRICT
[518/750] lam=0.50 single_narrow  s3 t7 err=0.0728 steps=120 -> miss
[519/750] lam=0.50 single_narrow  s3 t8 err=0.0678 steps=120 -> miss
[520/750] lam=0.50 single_narrow  s3 t9 err=0.0313 steps=120 -> miss
[521/750] lam=0.50 staged_wide    s3 t0 err=0.0120 steps=78 -> STRICT
[522/750] lam=0.50 staged_wide    s3 t1 err=0.0100 steps=68 -> STRICT
[523/750] lam=0.50 staged_wide    s3 t2 err=0.0108 steps=77 -> STRICT
[524/750] lam=0.50 staged_wide    s3 t3 err=0.0155 steps=25 -> STRICT
[525/750] lam=0.50 staged_wide    s3 t4 err=0.0061 steps=29 -> STRICT
[526/750] lam=0.50 staged_wide    s3 t5 err=0.0160 steps=120 -> miss
[527/750] lam=0.50 staged_wide    s3 t6 err=0.0118 steps=67 -> STRICT
[528/750] lam=0.50 staged_wide    s3 t7 err=0.0126 steps=107 -> STRICT
[529/750] lam=0.50 staged_wide    s3 t8 err=0.0120 steps=50 -> STRICT
[530/750] lam=0.50 staged_wide    s3 t9 err=0.0058 steps=86 -> STRICT
[531/750] lam=0.50 staged_narrow  s3 t0 err=0.0485 steps=120 -> miss
[532/750] lam=0.50 staged_narrow  s3 t1 err=0.0230 steps=120 -> miss
[533/750] lam=0.50 staged_narrow  s3 t2 err=0.1117 steps=120 -> miss
[534/750] lam=0.50 staged_narrow  s3 t3 err=0.0445 steps=120 -> miss
[535/750] lam=0.50 staged_narrow  s3 t4 err=0.1052 steps=120 -> miss
[536/750] lam=0.50 staged_narrow  s3 t5 err=0.0455 steps=120 -> miss
[537/750] lam=0.50 staged_narrow  s3 t6 err=0.0724 steps=120 -> miss
[538/750] lam=0.50 staged_narrow  s3 t7 err=0.0283 steps=120 -> miss
[539/750] lam=0.50 staged_narrow  s3 t8 err=0.0526 steps=120 -> miss
[540/750] lam=0.50 staged_narrow  s3 t9 err=0.0625 steps=120 -> miss
[541/750] lam=0.50 anneal         s3 t0 err=0.0149 steps=53 -> STRICT
[542/750] lam=0.50 anneal         s3 t1 err=0.0085 steps=45 -> STRICT
[543/750] lam=0.50 anneal         s3 t2 err=0.0183 steps=66 -> STRICT
[544/750] lam=0.50 anneal         s3 t3 err=0.0164 steps=16 -> STRICT
[545/750] lam=0.50 anneal         s3 t4 err=0.0135 steps=24 -> STRICT
[546/750] lam=0.50 anneal         s3 t5 err=0.0160 steps=120 -> miss
[547/750] lam=0.50 anneal         s3 t6 err=0.0170 steps=47 -> STRICT
[548/750] lam=0.50 anneal         s3 t7 err=0.0213 steps=56 -> STRICT
[549/750] lam=0.50 anneal         s3 t8 err=0.0209 steps=43 -> STRICT
[550/750] lam=0.50 anneal         s3 t9 err=0.0101 steps=60 -> STRICT
[551/750] lam=1.00 single_wide    s3 t0 err=0.3477 steps=120 -> miss
[552/750] lam=1.00 single_wide    s3 t1 err=0.3580 steps=120 -> miss
[553/750] lam=1.00 single_wide    s3 t2 err=0.1858 steps=120 -> miss
[554/750] lam=1.00 single_wide    s3 t3 err=0.3236 steps=120 -> miss
[555/750] lam=1.00 single_wide    s3 t4 err=0.5229 steps=120 -> miss
[556/750] lam=1.00 single_wide    s3 t5 err=0.1355 steps=120 -> miss
[557/750] lam=1.00 single_wide    s3 t6 err=0.2509 steps=120 -> miss
[558/750] lam=1.00 single_wide    s3 t7 err=0.4417 steps=120 -> miss
[559/750] lam=1.00 single_wide    s3 t8 err=0.2643 steps=120 -> miss
[560/750] lam=1.00 single_wide    s3 t9 err=0.3593 steps=120 -> miss
[561/750] lam=1.00 single_narrow  s3 t0 err=0.3662 steps=120 -> miss
[562/750] lam=1.00 single_narrow  s3 t1 err=0.3473 steps=120 -> miss
[563/750] lam=1.00 single_narrow  s3 t2 err=0.2773 steps=120 -> miss
[564/750] lam=1.00 single_narrow  s3 t3 err=0.3450 steps=120 -> miss
[565/750] lam=1.00 single_narrow  s3 t4 err=0.4681 steps=120 -> miss
[566/750] lam=1.00 single_narrow  s3 t5 err=0.1694 steps=120 -> miss
[567/750] lam=1.00 single_narrow  s3 t6 err=0.2860 steps=120 -> miss
[568/750] lam=1.00 single_narrow  s3 t7 err=0.5368 steps=120 -> miss
[569/750] lam=1.00 single_narrow  s3 t8 err=0.3016 steps=120 -> miss
[570/750] lam=1.00 single_narrow  s3 t9 err=0.4159 steps=120 -> miss
[571/750] lam=1.00 staged_wide    s3 t0 err=0.3890 steps=120 -> miss
[572/750] lam=1.00 staged_wide    s3 t1 err=0.3852 steps=120 -> miss
[573/750] lam=1.00 staged_wide    s3 t2 err=0.1881 steps=120 -> miss
[574/750] lam=1.00 staged_wide    s3 t3 err=0.3260 steps=120 -> miss
[575/750] lam=1.00 staged_wide    s3 t4 err=0.5348 steps=120 -> miss
[576/750] lam=1.00 staged_wide    s3 t5 err=0.1500 steps=120 -> miss
[577/750] lam=1.00 staged_wide    s3 t6 err=0.2812 steps=120 -> miss
[578/750] lam=1.00 staged_wide    s3 t7 err=0.4801 steps=120 -> miss
[579/750] lam=1.00 staged_wide    s3 t8 err=0.2456 steps=120 -> miss
[580/750] lam=1.00 staged_wide    s3 t9 err=0.3752 steps=120 -> miss
[581/750] lam=1.00 staged_narrow  s3 t0 err=0.3151 steps=120 -> miss
[582/750] lam=1.00 staged_narrow  s3 t1 err=0.4358 steps=120 -> miss
[583/750] lam=1.00 staged_narrow  s3 t2 err=0.6393 steps=120 -> miss
[584/750] lam=1.00 staged_narrow  s3 t3 err=0.2672 steps=120 -> miss
[585/750] lam=1.00 staged_narrow  s3 t4 err=0.8655 steps=120 -> miss
[586/750] lam=1.00 staged_narrow  s3 t5 err=0.1452 steps=120 -> miss
[587/750] lam=1.00 staged_narrow  s3 t6 err=0.7747 steps=120 -> miss
[588/750] lam=1.00 staged_narrow  s3 t7 err=0.9776 steps=120 -> miss
[589/750] lam=1.00 staged_narrow  s3 t8 err=0.2136 steps=120 -> miss
[590/750] lam=1.00 staged_narrow  s3 t9 err=0.5728 steps=120 -> miss
[591/750] lam=1.00 anneal         s3 t0 err=0.4143 steps=120 -> miss
[592/750] lam=1.00 anneal         s3 t1 err=0.4139 steps=120 -> miss
[593/750] lam=1.00 anneal         s3 t2 err=0.2505 steps=120 -> miss
[594/750] lam=1.00 anneal         s3 t3 err=0.3239 steps=120 -> miss
[595/750] lam=1.00 anneal         s3 t4 err=0.5655 steps=120 -> miss
[596/750] lam=1.00 anneal         s3 t5 err=0.1507 steps=120 -> miss
[597/750] lam=1.00 anneal         s3 t6 err=0.2970 steps=120 -> miss
[598/750] lam=1.00 anneal         s3 t7 err=0.4647 steps=120 -> miss
[599/750] lam=1.00 anneal         s3 t8 err=0.2423 steps=120 -> miss
[600/750] lam=1.00 anneal         s3 t9 err=0.4603 steps=120 -> miss
  loaded bilinear_r20_seed4.pt
[601/750] lam=0.00 single_wide    s4 t0 err=0.0145 steps=120 -> miss
[602/750] lam=0.00 single_wide    s4 t1 err=0.0167 steps=120 -> miss
[603/750] lam=0.00 single_wide    s4 t2 err=0.0136 steps=120 -> miss
[604/750] lam=0.00 single_wide    s4 t3 err=0.0076 steps=43 -> STRICT
[605/750] lam=0.00 single_wide    s4 t4 err=0.0143 steps=25 -> STRICT
[606/750] lam=0.00 single_wide    s4 t5 err=0.0124 steps=120 -> miss
[607/750] lam=0.00 single_wide    s4 t6 err=0.0083 steps=83 -> STRICT
[608/750] lam=0.00 single_wide    s4 t7 err=0.0140 steps=120 -> miss
[609/750] lam=0.00 single_wide    s4 t8 err=0.0042 steps=61 -> STRICT
[610/750] lam=0.00 single_wide    s4 t9 err=0.0145 steps=120 -> miss
[611/750] lam=0.00 single_narrow  s4 t0 err=0.0521 steps=120 -> miss
[612/750] lam=0.00 single_narrow  s4 t1 err=0.0488 steps=120 -> miss
[613/750] lam=0.00 single_narrow  s4 t2 err=0.0841 steps=120 -> miss
[614/750] lam=0.00 single_narrow  s4 t3 err=0.0149 steps=28 -> STRICT
[615/750] lam=0.00 single_narrow  s4 t4 err=0.0598 steps=120 -> miss
[616/750] lam=0.00 single_narrow  s4 t5 err=0.0171 steps=120 -> miss
[617/750] lam=0.00 single_narrow  s4 t6 err=0.0327 steps=120 -> miss
[618/750] lam=0.00 single_narrow  s4 t7 err=0.0396 steps=120 -> miss
[619/750] lam=0.00 single_narrow  s4 t8 err=0.0509 steps=67 -> STRICT
[620/750] lam=0.00 single_narrow  s4 t9 err=0.0692 steps=120 -> miss
[621/750] lam=0.00 staged_wide    s4 t0 err=0.0179 steps=120 -> miss
[622/750] lam=0.00 staged_wide    s4 t1 err=0.0160 steps=75 -> STRICT
[623/750] lam=0.00 staged_wide    s4 t2 err=0.0099 steps=120 -> STRICT
[624/750] lam=0.00 staged_wide    s4 t3 err=0.0156 steps=65 -> STRICT
[625/750] lam=0.00 staged_wide    s4 t4 err=0.0095 steps=28 -> STRICT
[626/750] lam=0.00 staged_wide    s4 t5 err=0.0057 steps=81 -> STRICT
[627/750] lam=0.00 staged_wide    s4 t6 err=0.0142 steps=101 -> STRICT
[628/750] lam=0.00 staged_wide    s4 t7 err=0.0092 steps=37 -> STRICT
[629/750] lam=0.00 staged_wide    s4 t8 err=0.0121 steps=63 -> STRICT
[630/750] lam=0.00 staged_wide    s4 t9 err=0.0119 steps=105 -> STRICT
[631/750] lam=0.00 staged_narrow  s4 t0 err=0.0416 steps=101 -> STRICT
[632/750] lam=0.00 staged_narrow  s4 t1 err=0.0446 steps=120 -> miss
[633/750] lam=0.00 staged_narrow  s4 t2 err=0.0799 steps=120 -> miss
[634/750] lam=0.00 staged_narrow  s4 t3 err=0.0334 steps=20 -> STRICT
[635/750] lam=0.00 staged_narrow  s4 t4 err=0.0838 steps=120 -> miss
[636/750] lam=0.00 staged_narrow  s4 t5 err=0.0661 steps=120 -> miss
[637/750] lam=0.00 staged_narrow  s4 t6 err=0.0656 steps=53 -> STRICT
[638/750] lam=0.00 staged_narrow  s4 t7 err=0.0177 steps=120 -> miss
[639/750] lam=0.00 staged_narrow  s4 t8 err=0.0587 steps=120 -> miss
[640/750] lam=0.00 staged_narrow  s4 t9 err=0.0788 steps=120 -> miss
[641/750] lam=0.00 anneal         s4 t0 err=0.0092 steps=78 -> STRICT
[642/750] lam=0.00 anneal         s4 t1 err=0.0133 steps=35 -> STRICT
[643/750] lam=0.00 anneal         s4 t2 err=0.0135 steps=50 -> STRICT
[644/750] lam=0.00 anneal         s4 t3 err=0.0123 steps=31 -> STRICT
[645/750] lam=0.00 anneal         s4 t4 err=0.0145 steps=23 -> STRICT
[646/750] lam=0.00 anneal         s4 t5 err=0.0119 steps=96 -> STRICT
[647/750] lam=0.00 anneal         s4 t6 err=0.0088 steps=58 -> STRICT
[648/750] lam=0.00 anneal         s4 t7 err=0.0177 steps=51 -> STRICT
[649/750] lam=0.00 anneal         s4 t8 err=0.0051 steps=50 -> STRICT
[650/750] lam=0.00 anneal         s4 t9 err=0.0093 steps=41 -> STRICT
[651/750] lam=0.50 single_wide    s4 t0 err=0.0116 steps=120 -> miss
[652/750] lam=0.50 single_wide    s4 t1 err=0.0261 steps=120 -> miss
[653/750] lam=0.50 single_wide    s4 t2 err=0.0211 steps=120 -> miss
[654/750] lam=0.50 single_wide    s4 t3 err=0.0066 steps=29 -> STRICT
[655/750] lam=0.50 single_wide    s4 t4 err=0.0265 steps=120 -> miss
[656/750] lam=0.50 single_wide    s4 t5 err=0.0239 steps=120 -> miss
[657/750] lam=0.50 single_wide    s4 t6 err=0.0168 steps=120 -> miss
[658/750] lam=0.50 single_wide    s4 t7 err=0.0300 steps=120 -> miss
[659/750] lam=0.50 single_wide    s4 t8 err=0.0084 steps=56 -> STRICT
[660/750] lam=0.50 single_wide    s4 t9 err=0.0228 steps=120 -> miss
[661/750] lam=0.50 single_narrow  s4 t0 err=0.0682 steps=120 -> miss
[662/750] lam=0.50 single_narrow  s4 t1 err=0.0568 steps=120 -> miss
[663/750] lam=0.50 single_narrow  s4 t2 err=0.0784 steps=120 -> miss
[664/750] lam=0.50 single_narrow  s4 t3 err=0.0541 steps=120 -> miss
[665/750] lam=0.50 single_narrow  s4 t4 err=0.0773 steps=120 -> miss
[666/750] lam=0.50 single_narrow  s4 t5 err=0.0259 steps=120 -> miss
[667/750] lam=0.50 single_narrow  s4 t6 err=0.0315 steps=120 -> miss
[668/750] lam=0.50 single_narrow  s4 t7 err=0.0865 steps=120 -> miss
[669/750] lam=0.50 single_narrow  s4 t8 err=0.0727 steps=120 -> miss
[670/750] lam=0.50 single_narrow  s4 t9 err=0.0622 steps=120 -> miss
[671/750] lam=0.50 staged_wide    s4 t0 err=0.0079 steps=118 -> STRICT
[672/750] lam=0.50 staged_wide    s4 t1 err=0.0263 steps=120 -> miss
[673/750] lam=0.50 staged_wide    s4 t2 err=0.0197 steps=120 -> miss
[674/750] lam=0.50 staged_wide    s4 t3 err=0.0084 steps=43 -> STRICT
[675/750] lam=0.50 staged_wide    s4 t4 err=0.0217 steps=120 -> miss
[676/750] lam=0.50 staged_wide    s4 t5 err=0.0184 steps=120 -> miss
[677/750] lam=0.50 staged_wide    s4 t6 err=0.0182 steps=92 -> STRICT
[678/750] lam=0.50 staged_wide    s4 t7 err=0.0251 steps=120 -> miss
[679/750] lam=0.50 staged_wide    s4 t8 err=0.0065 steps=57 -> STRICT
[680/750] lam=0.50 staged_wide    s4 t9 err=0.0230 steps=120 -> miss
[681/750] lam=0.50 staged_narrow  s4 t0 err=0.0251 steps=120 -> miss
[682/750] lam=0.50 staged_narrow  s4 t1 err=0.0404 steps=120 -> miss
[683/750] lam=0.50 staged_narrow  s4 t2 err=0.1147 steps=120 -> miss
[684/750] lam=0.50 staged_narrow  s4 t3 err=0.0138 steps=120 -> miss
[685/750] lam=0.50 staged_narrow  s4 t4 err=0.0942 steps=120 -> miss
[686/750] lam=0.50 staged_narrow  s4 t5 err=0.0525 steps=120 -> miss
[687/750] lam=0.50 staged_narrow  s4 t6 err=0.0656 steps=120 -> miss
[688/750] lam=0.50 staged_narrow  s4 t7 err=0.0248 steps=120 -> miss
[689/750] lam=0.50 staged_narrow  s4 t8 err=0.0683 steps=120 -> miss
[690/750] lam=0.50 staged_narrow  s4 t9 err=0.0988 steps=120 -> miss
[691/750] lam=0.50 anneal         s4 t0 err=0.0105 steps=53 -> STRICT
[692/750] lam=0.50 anneal         s4 t1 err=0.0265 steps=120 -> miss
[693/750] lam=0.50 anneal         s4 t2 err=0.0279 steps=120 -> miss
[694/750] lam=0.50 anneal         s4 t3 err=0.0113 steps=23 -> STRICT
[695/750] lam=0.50 anneal         s4 t4 err=0.0290 steps=120 -> miss
[696/750] lam=0.50 anneal         s4 t5 err=0.0214 steps=120 -> miss
[697/750] lam=0.50 anneal         s4 t6 err=0.0228 steps=58 -> STRICT
[698/750] lam=0.50 anneal         s4 t7 err=0.0353 steps=120 -> miss
[699/750] lam=0.50 anneal         s4 t8 err=0.0178 steps=38 -> STRICT
[700/750] lam=0.50 anneal         s4 t9 err=0.0259 steps=42 -> STRICT
[701/750] lam=1.00 single_wide    s4 t0 err=0.3614 steps=120 -> miss
[702/750] lam=1.00 single_wide    s4 t1 err=0.3679 steps=120 -> miss
[703/750] lam=1.00 single_wide    s4 t2 err=0.1427 steps=120 -> miss
[704/750] lam=1.00 single_wide    s4 t3 err=0.2962 steps=120 -> miss
[705/750] lam=1.00 single_wide    s4 t4 err=0.4968 steps=120 -> miss
[706/750] lam=1.00 single_wide    s4 t5 err=0.1196 steps=120 -> miss
[707/750] lam=1.00 single_wide    s4 t6 err=0.2395 steps=120 -> miss
[708/750] lam=1.00 single_wide    s4 t7 err=0.4167 steps=120 -> miss
[709/750] lam=1.00 single_wide    s4 t8 err=0.2386 steps=120 -> miss
[710/750] lam=1.00 single_wide    s4 t9 err=0.3519 steps=120 -> miss
[711/750] lam=1.00 single_narrow  s4 t0 err=0.3833 steps=120 -> miss
[712/750] lam=1.00 single_narrow  s4 t1 err=0.3382 steps=120 -> miss
[713/750] lam=1.00 single_narrow  s4 t2 err=0.4279 steps=120 -> miss
[714/750] lam=1.00 single_narrow  s4 t3 err=0.2975 steps=120 -> miss
[715/750] lam=1.00 single_narrow  s4 t4 err=0.4951 steps=120 -> miss
[716/750] lam=1.00 single_narrow  s4 t5 err=0.1780 steps=120 -> miss
[717/750] lam=1.00 single_narrow  s4 t6 err=0.3147 steps=120 -> miss
[718/750] lam=1.00 single_narrow  s4 t7 err=0.5215 steps=120 -> miss
[719/750] lam=1.00 single_narrow  s4 t8 err=0.2388 steps=120 -> miss
[720/750] lam=1.00 single_narrow  s4 t9 err=0.4007 steps=120 -> miss
[721/750] lam=1.00 staged_wide    s4 t0 err=0.4032 steps=120 -> miss
[722/750] lam=1.00 staged_wide    s4 t1 err=0.3970 steps=120 -> miss
[723/750] lam=1.00 staged_wide    s4 t2 err=0.1573 steps=120 -> miss
[724/750] lam=1.00 staged_wide    s4 t3 err=0.3058 steps=120 -> miss
[725/750] lam=1.00 staged_wide    s4 t4 err=0.5010 steps=120 -> miss
[726/750] lam=1.00 staged_wide    s4 t5 err=0.1518 steps=120 -> miss
[727/750] lam=1.00 staged_wide    s4 t6 err=0.2693 steps=120 -> miss
[728/750] lam=1.00 staged_wide    s4 t7 err=0.4498 steps=120 -> miss
[729/750] lam=1.00 staged_wide    s4 t8 err=0.2266 steps=120 -> miss
[730/750] lam=1.00 staged_wide    s4 t9 err=0.3623 steps=120 -> miss
[731/750] lam=1.00 staged_narrow  s4 t0 err=0.4321 steps=120 -> miss
[732/750] lam=1.00 staged_narrow  s4 t1 err=0.4840 steps=120 -> miss
[733/750] lam=1.00 staged_narrow  s4 t2 err=0.4423 steps=120 -> miss
[734/750] lam=1.00 staged_narrow  s4 t3 err=0.2563 steps=120 -> miss
[735/750] lam=1.00 staged_narrow  s4 t4 err=0.6946 steps=120 -> miss
[736/750] lam=1.00 staged_narrow  s4 t5 err=0.3216 steps=120 -> miss
[737/750] lam=1.00 staged_narrow  s4 t6 err=0.8833 steps=120 -> miss
[738/750] lam=1.00 staged_narrow  s4 t7 err=1.0022 steps=120 -> miss
[739/750] lam=1.00 staged_narrow  s4 t8 err=0.2505 steps=120 -> miss
[740/750] lam=1.00 staged_narrow  s4 t9 err=0.6335 steps=120 -> miss
[741/750] lam=1.00 anneal         s4 t0 err=0.4481 steps=120 -> miss
[742/750] lam=1.00 anneal         s4 t1 err=0.4245 steps=120 -> miss
[743/750] lam=1.00 anneal         s4 t2 err=0.2085 steps=120 -> miss
[744/750] lam=1.00 anneal         s4 t3 err=0.3144 steps=120 -> miss
[745/750] lam=1.00 anneal         s4 t4 err=0.5072 steps=120 -> miss
[746/750] lam=1.00 anneal         s4 t5 err=0.1652 steps=120 -> miss
[747/750] lam=1.00 anneal         s4 t6 err=0.2908 steps=120 -> miss
[748/750] lam=1.00 anneal         s4 t7 err=0.4285 steps=120 -> miss
[749/750] lam=1.00 anneal         s4 t8 err=0.2389 steps=120 -> miss
[750/750] lam=1.00 anneal         s4 t9 err=0.4416 steps=120 -> miss

done -> /home/home/mbd/koopman/mbd_koopman/exper/out/c_sweep/trials.jsonl
