model=bilinear r=20 N=800 S=5 sigma=1.2->0.3 T=15 seeds=[0, 1, 2, 3, 4]
schedules 3 x seeds 5 x targets 10 = 150 trials -> /home/home/mbd/koopman/mbd_koopman/exper/out/probe_kin/trials.jsonl
  loaded kin_bilinear_r20_seed0.pt
[1/150] staged_narrow  s0 t0 final=0.0314 plateau@22 pred=0.031/true=0.053 -> STRICT
[2/150] staged_narrow  s0 t1 final=0.0444 plateau@23 pred=0.008/true=0.085 -> STRICT
[3/150] staged_narrow  s0 t2 final=0.0866 plateau@37 pred=0.018/true=0.131 -> miss
[4/150] staged_narrow  s0 t3 final=0.0379 plateau@22 pred=0.012/true=0.062 -> STRICT
[5/150] staged_narrow  s0 t4 final=0.0964 plateau@15 pred=0.028/true=0.137 -> miss
[6/150] staged_narrow  s0 t5 final=0.0808 plateau@39 pred=0.020/true=0.138 -> miss
[7/150] staged_narrow  s0 t6 final=0.0348 plateau@30 pred=0.050/true=0.073 -> STRICT
[8/150] staged_narrow  s0 t7 final=0.0080 no-plateau pred=0.011/true=0.036 -> STRICT
[9/150] staged_narrow  s0 t8 final=0.0549 plateau@20 pred=0.026/true=0.049 -> miss
[10/150] staged_narrow  s0 t9 final=0.0521 plateau@30 pred=0.010/true=0.051 -> miss
[11/150] staged_wide    s0 t0 final=0.0139 plateau@51 pred=0.035/true=0.019 -> miss
[12/150] staged_wide    s0 t1 final=0.0213 plateau@66 pred=0.043/true=0.020 -> STRICT
[13/150] staged_wide    s0 t2 final=0.0130 plateau@68 pred=0.051/true=0.015 -> miss
[14/150] staged_wide    s0 t3 final=0.0177 plateau@35 pred=0.029/true=0.029 -> miss
[15/150] staged_wide    s0 t4 final=0.0100 plateau@24 pred=0.033/true=0.013 -> STRICT
[16/150] staged_wide    s0 t5 final=0.0228 plateau@38 pred=0.028/true=0.037 -> miss
[17/150] staged_wide    s0 t6 final=0.0105 plateau@83 pred=0.039/true=0.021 -> STRICT
[18/150] staged_wide    s0 t7 final=0.0179 plateau@47 pred=0.025/true=0.011 -> STRICT
[19/150] staged_wide    s0 t8 final=0.0180 plateau@55 pred=0.030/true=0.029 -> miss
[20/150] staged_wide    s0 t9 final=0.0155 plateau@78 pred=0.048/true=0.019 -> miss
[21/150] anneal         s0 t0 final=0.0104 plateau@74 pred=0.027/true=0.015 -> STRICT
[22/150] anneal         s0 t1 final=0.0147 plateau@67 pred=0.036/true=0.009 -> STRICT
[23/150] anneal         s0 t2 final=0.0059 plateau@50 pred=0.040/true=0.011 -> STRICT
[24/150] anneal         s0 t3 final=0.0144 plateau@17 pred=0.023/true=0.030 -> STRICT
[25/150] anneal         s0 t4 final=0.0073 plateau@61 pred=0.021/true=0.015 -> STRICT
[26/150] anneal         s0 t5 final=0.0234 plateau@70 pred=0.021/true=0.037 -> miss
[27/150] anneal         s0 t6 final=0.0081 plateau@62 pred=0.033/true=0.015 -> STRICT
[28/150] anneal         s0 t7 final=0.0160 plateau@23 pred=0.018/true=0.015 -> STRICT
[29/150] anneal         s0 t8 final=0.0120 plateau@60 pred=0.022/true=0.022 -> STRICT
[30/150] anneal         s0 t9 final=0.0118 plateau@60 pred=0.044/true=0.021 -> STRICT
  loaded kin_bilinear_r20_seed1.pt
[31/150] staged_narrow  s1 t0 final=0.0386 plateau@18 pred=0.030/true=0.065 -> STRICT
[32/150] staged_narrow  s1 t1 final=0.0563 plateau@23 pred=0.004/true=0.088 -> miss
[33/150] staged_narrow  s1 t2 final=0.0774 plateau@27 pred=0.020/true=0.113 -> miss
[34/150] staged_narrow  s1 t3 final=0.0400 plateau@27 pred=0.013/true=0.046 -> miss
[35/150] staged_narrow  s1 t4 final=0.1189 plateau@19 pred=0.057/true=0.141 -> miss
[36/150] staged_narrow  s1 t5 final=0.0624 plateau@104 pred=0.015/true=0.093 -> miss
[37/150] staged_narrow  s1 t6 final=0.0278 plateau@25 pred=0.046/true=0.067 -> miss
[38/150] staged_narrow  s1 t7 final=0.0202 no-plateau pred=0.012/true=0.016 -> miss
[39/150] staged_narrow  s1 t8 final=0.0481 plateau@19 pred=0.024/true=0.045 -> miss
[40/150] staged_narrow  s1 t9 final=0.0745 plateau@34 pred=0.014/true=0.086 -> miss
[41/150] staged_wide    s1 t0 final=0.0032 no-plateau pred=0.034/true=0.020 -> STRICT
[42/150] staged_wide    s1 t1 final=0.0158 plateau@46 pred=0.034/true=0.014 -> STRICT
[43/150] staged_wide    s1 t2 final=0.0159 plateau@49 pred=0.033/true=0.023 -> STRICT
[44/150] staged_wide    s1 t3 final=0.0087 plateau@48 pred=0.033/true=0.011 -> STRICT
[45/150] staged_wide    s1 t4 final=0.0097 plateau@29 pred=0.030/true=0.010 -> STRICT
[46/150] staged_wide    s1 t5 final=0.0113 plateau@85 pred=0.028/true=0.015 -> STRICT
[47/150] staged_wide    s1 t6 final=0.0140 plateau@34 pred=0.033/true=0.015 -> STRICT
[48/150] staged_wide    s1 t7 final=0.0165 plateau@27 pred=0.024/true=0.018 -> STRICT
[49/150] staged_wide    s1 t8 final=0.0053 plateau@36 pred=0.029/true=0.006 -> STRICT
[50/150] staged_wide    s1 t9 final=0.0227 plateau@55 pred=0.031/true=0.027 -> STRICT
[51/150] anneal         s1 t0 final=0.0074 plateau@35 pred=0.026/true=0.023 -> STRICT
[52/150] anneal         s1 t1 final=0.0155 plateau@34 pred=0.028/true=0.021 -> STRICT
[53/150] anneal         s1 t2 final=0.0270 plateau@37 pred=0.022/true=0.024 -> STRICT
[54/150] anneal         s1 t3 final=0.0096 plateau@17 pred=0.024/true=0.019 -> STRICT
[55/150] anneal         s1 t4 final=0.0198 plateau@22 pred=0.019/true=0.023 -> STRICT
[56/150] anneal         s1 t5 final=0.0147 plateau@45 pred=0.021/true=0.019 -> STRICT
[57/150] anneal         s1 t6 final=0.0212 plateau@34 pred=0.024/true=0.023 -> STRICT
[58/150] anneal         s1 t7 final=0.0237 plateau@22 pred=0.016/true=0.028 -> STRICT
[59/150] anneal         s1 t8 final=0.0109 plateau@36 pred=0.022/true=0.011 -> STRICT
[60/150] anneal         s1 t9 final=0.0264 plateau@40 pred=0.027/true=0.031 -> STRICT
  loaded kin_bilinear_r20_seed2.pt
[61/150] staged_narrow  s2 t0 final=0.0362 plateau@100 pred=0.022/true=0.049 -> STRICT
[62/150] staged_narrow  s2 t1 final=0.0504 plateau@21 pred=0.014/true=0.087 -> STRICT
[63/150] staged_narrow  s2 t2 final=0.0497 plateau@23 pred=0.017/true=0.098 -> miss
[64/150] staged_narrow  s2 t3 final=0.0387 plateau@14 pred=0.012/true=0.057 -> STRICT
[65/150] staged_narrow  s2 t4 final=0.0763 plateau@15 pred=0.030/true=0.108 -> miss
[66/150] staged_narrow  s2 t5 final=0.0699 plateau@22 pred=0.007/true=0.088 -> miss
[67/150] staged_narrow  s2 t6 final=0.0161 plateau@56 pred=0.039/true=0.051 -> STRICT
[68/150] staged_narrow  s2 t7 final=0.0169 no-plateau pred=0.006/true=0.025 -> miss
[69/150] staged_narrow  s2 t8 final=0.0457 plateau@21 pred=0.025/true=0.047 -> miss
[70/150] staged_narrow  s2 t9 final=0.0635 plateau@25 pred=0.007/true=0.066 -> miss
[71/150] staged_wide    s2 t0 final=0.0186 plateau@51 pred=0.036/true=0.030 -> miss
[72/150] staged_wide    s2 t1 final=0.0102 plateau@86 pred=0.034/true=0.017 -> STRICT
[73/150] staged_wide    s2 t2 final=0.0113 plateau@65 pred=0.038/true=0.025 -> STRICT
[74/150] staged_wide    s2 t3 final=0.0166 plateau@41 pred=0.034/true=0.022 -> STRICT
[75/150] staged_wide    s2 t4 final=0.0032 plateau@65 pred=0.028/true=0.004 -> STRICT
[76/150] staged_wide    s2 t5 final=0.0075 plateau@45 pred=0.032/true=0.014 -> STRICT
[77/150] staged_wide    s2 t6 final=0.0100 plateau@101 pred=0.037/true=0.019 -> STRICT
[78/150] staged_wide    s2 t7 final=0.0084 plateau@25 pred=0.024/true=0.013 -> STRICT
[79/150] staged_wide    s2 t8 final=0.0122 plateau@64 pred=0.033/true=0.011 -> STRICT
[80/150] staged_wide    s2 t9 final=0.0031 no-plateau pred=0.033/true=0.009 -> STRICT
[81/150] anneal         s2 t0 final=0.0106 no-plateau pred=0.025/true=0.027 -> STRICT
[82/150] anneal         s2 t1 final=0.0040 no-plateau pred=0.024/true=0.018 -> STRICT
[83/150] anneal         s2 t2 final=0.0114 plateau@60 pred=0.026/true=0.022 -> STRICT
[84/150] anneal         s2 t3 final=0.0144 plateau@35 pred=0.026/true=0.029 -> STRICT
[85/150] anneal         s2 t4 final=0.0098 plateau@24 pred=0.017/true=0.017 -> STRICT
[86/150] anneal         s2 t5 final=0.0108 plateau@37 pred=0.023/true=0.014 -> STRICT
[87/150] anneal         s2 t6 final=0.0087 plateau@54 pred=0.027/true=0.022 -> STRICT
[88/150] anneal         s2 t7 final=0.0132 plateau@21 pred=0.015/true=0.024 -> STRICT
[89/150] anneal         s2 t8 final=0.0040 plateau@44 pred=0.024/true=0.016 -> STRICT
[90/150] anneal         s2 t9 final=0.0080 plateau@33 pred=0.029/true=0.010 -> STRICT
  loaded kin_bilinear_r20_seed3.pt
[91/150] staged_narrow  s3 t0 final=0.0459 plateau@19 pred=0.042/true=0.083 -> miss
[92/150] staged_narrow  s3 t1 final=0.0318 plateau@20 pred=0.004/true=0.063 -> miss
[93/150] staged_narrow  s3 t2 final=0.0738 plateau@35 pred=0.020/true=0.097 -> miss
[94/150] staged_narrow  s3 t3 final=0.0753 plateau@14 pred=0.054/true=0.148 -> STRICT
[95/150] staged_narrow  s3 t4 final=0.0904 plateau@15 pred=0.045/true=0.129 -> miss
[96/150] staged_narrow  s3 t5 final=0.0541 plateau@68 pred=0.019/true=0.086 -> miss
[97/150] staged_narrow  s3 t6 final=0.0683 plateau@58 pred=0.067/true=0.121 -> STRICT
[98/150] staged_narrow  s3 t7 final=0.0118 plateau@26 pred=0.006/true=0.030 -> miss
[99/150] staged_narrow  s3 t8 final=0.0451 plateau@19 pred=0.028/true=0.025 -> miss
[100/150] staged_narrow  s3 t9 final=0.0518 plateau@47 pred=0.009/true=0.056 -> miss
[101/150] staged_wide    s3 t0 final=0.0073 plateau@51 pred=0.032/true=0.024 -> STRICT
[102/150] staged_wide    s3 t1 final=0.0156 plateau@73 pred=0.027/true=0.016 -> STRICT
[103/150] staged_wide    s3 t2 final=0.0066 plateau@87 pred=0.023/true=0.018 -> STRICT
[104/150] staged_wide    s3 t3 final=0.0122 plateau@64 pred=0.035/true=0.011 -> STRICT
[105/150] staged_wide    s3 t4 final=0.0129 plateau@25 pred=0.028/true=0.012 -> STRICT
[106/150] staged_wide    s3 t5 final=0.0079 plateau@86 pred=0.027/true=0.014 -> STRICT
[107/150] staged_wide    s3 t6 final=0.0082 plateau@90 pred=0.028/true=0.009 -> STRICT
[108/150] staged_wide    s3 t7 final=0.0129 plateau@28 pred=0.022/true=0.004 -> STRICT
[109/150] staged_wide    s3 t8 final=0.0087 plateau@55 pred=0.030/true=0.017 -> STRICT
[110/150] staged_wide    s3 t9 final=0.0045 plateau@78 pred=0.028/true=0.003 -> STRICT
[111/150] anneal         s3 t0 final=0.0062 plateau@99 pred=0.025/true=0.024 -> STRICT
[112/150] anneal         s3 t1 final=0.0084 plateau@34 pred=0.022/true=0.012 -> STRICT
[113/150] anneal         s3 t2 final=0.0150 plateau@54 pred=0.016/true=0.022 -> STRICT
[114/150] anneal         s3 t3 final=0.0122 plateau@30 pred=0.030/true=0.009 -> STRICT
[115/150] anneal         s3 t4 final=0.0029 plateau@25 pred=0.017/true=0.007 -> STRICT
[116/150] anneal         s3 t5 final=0.0067 plateau@42 pred=0.020/true=0.023 -> STRICT
[117/150] anneal         s3 t6 final=0.0096 plateau@83 pred=0.022/true=0.017 -> STRICT
[118/150] anneal         s3 t7 final=0.0095 plateau@21 pred=0.015/true=0.007 -> STRICT
[119/150] anneal         s3 t8 final=0.0099 plateau@53 pred=0.022/true=0.020 -> STRICT
[120/150] anneal         s3 t9 final=0.0038 plateau@60 pred=0.025/true=0.008 -> STRICT
  loaded kin_bilinear_r20_seed4.pt
[121/150] staged_narrow  s4 t0 final=0.0487 plateau@101 pred=0.039/true=0.069 -> STRICT
[122/150] staged_narrow  s4 t1 final=0.0516 plateau@22 pred=0.009/true=0.092 -> miss
[123/150] staged_narrow  s4 t2 final=0.0808 plateau@24 pred=0.018/true=0.138 -> miss
[124/150] staged_narrow  s4 t3 final=0.0357 plateau@20 pred=0.013/true=0.050 -> miss
[125/150] staged_narrow  s4 t4 final=0.0929 plateau@17 pred=0.033/true=0.127 -> miss
[126/150] staged_narrow  s4 t5 final=0.0737 plateau@23 pred=0.007/true=0.103 -> miss
[127/150] staged_narrow  s4 t6 final=0.0810 plateau@54 pred=0.090/true=0.080 -> STRICT
[128/150] staged_narrow  s4 t7 final=0.0212 plateau@54 pred=0.011/true=0.031 -> miss
[129/150] staged_narrow  s4 t8 final=0.0623 plateau@27 pred=0.021/true=0.054 -> miss
[130/150] staged_narrow  s4 t9 final=0.0890 plateau@33 pred=0.017/true=0.099 -> miss
[131/150] staged_wide    s4 t0 final=0.0220 plateau@76 pred=0.039/true=0.030 -> miss
[132/150] staged_wide    s4 t1 final=0.0240 plateau@74 pred=0.037/true=0.029 -> miss
[133/150] staged_wide    s4 t2 final=0.0194 plateau@49 pred=0.047/true=0.033 -> miss
[134/150] staged_wide    s4 t3 final=0.0188 plateau@64 pred=0.035/true=0.014 -> STRICT
[135/150] staged_wide    s4 t4 final=0.0174 plateau@25 pred=0.029/true=0.014 -> STRICT
[136/150] staged_wide    s4 t5 final=0.0055 plateau@58 pred=0.025/true=0.010 -> STRICT
[137/150] staged_wide    s4 t6 final=0.0203 plateau@61 pred=0.040/true=0.018 -> STRICT
[138/150] staged_wide    s4 t7 final=0.0136 plateau@41 pred=0.023/true=0.021 -> STRICT
[139/150] staged_wide    s4 t8 final=0.0120 plateau@55 pred=0.036/true=0.010 -> STRICT
[140/150] staged_wide    s4 t9 final=0.0185 plateau@97 pred=0.047/true=0.025 -> miss
[141/150] anneal         s4 t0 final=0.0134 plateau@43 pred=0.027/true=0.024 -> STRICT
[142/150] anneal         s4 t1 final=0.0175 plateau@20 pred=0.029/true=0.031 -> miss
[143/150] anneal         s4 t2 final=0.0164 plateau@33 pred=0.034/true=0.030 -> STRICT
[144/150] anneal         s4 t3 final=0.0161 plateau@60 pred=0.027/true=0.019 -> STRICT
[145/150] anneal         s4 t4 final=0.0171 plateau@22 pred=0.018/true=0.022 -> STRICT
[146/150] anneal         s4 t5 final=0.0091 plateau@97 pred=0.017/true=0.012 -> STRICT
[147/150] anneal         s4 t6 final=0.0149 plateau@57 pred=0.033/true=0.020 -> STRICT
[148/150] anneal         s4 t7 final=0.0174 plateau@22 pred=0.014/true=0.030 -> STRICT
[149/150] anneal         s4 t8 final=0.0078 plateau@54 pred=0.026/true=0.014 -> STRICT
[150/150] anneal         s4 t9 final=0.0117 plateau@36 pred=0.040/true=0.027 -> STRICT

done -> /home/home/mbd/koopman/mbd_koopman/exper/out/probe_kin/trials.jsonl
