model=bilinear r=20 N=800 S=5 sigma=1.2->0.3 T=15 seeds=[0, 1, 2, 3, 4]
schedules 3 x seeds 5 x targets 10 = 150 trials -> /home/home/mbd/koopman/mbd_koopman/exper/out/probe_narrow/trials.jsonl
  loaded bilinear_r20_seed0.pt
[1/150] staged_narrow  s0 t0 final=0.0264 no-plateau pred=0.022/true=0.048 -> STRICT
[2/150] staged_narrow  s0 t1 final=0.0306 plateau@22 pred=0.007/true=0.072 -> STRICT
[3/150] staged_narrow  s0 t2 final=0.0679 plateau@39 pred=0.018/true=0.109 -> miss
[4/150] staged_narrow  s0 t3 final=0.0372 plateau@64 pred=0.014/true=0.054 -> STRICT
[5/150] staged_narrow  s0 t4 final=0.0791 plateau@15 pred=0.025/true=0.122 -> miss
[6/150] staged_narrow  s0 t5 final=0.0676 plateau@34 pred=0.021/true=0.121 -> miss
[7/150] staged_narrow  s0 t6 final=0.0325 plateau@31 pred=0.045/true=0.069 -> STRICT
[8/150] staged_narrow  s0 t7 final=0.0128 plateau@72 pred=0.007/true=0.036 -> miss
[9/150] staged_narrow  s0 t8 final=0.0454 plateau@22 pred=0.027/true=0.045 -> miss
[10/150] staged_narrow  s0 t9 final=0.0398 plateau@32 pred=0.012/true=0.050 -> miss
[11/150] staged_wide    s0 t0 final=0.0157 plateau@51 pred=0.027/true=0.019 -> miss
[12/150] staged_wide    s0 t1 final=0.0193 plateau@44 pred=0.034/true=0.021 -> STRICT
[13/150] staged_wide    s0 t2 final=0.0096 no-plateau pred=0.037/true=0.013 -> STRICT
[14/150] staged_wide    s0 t3 final=0.0161 plateau@28 pred=0.022/true=0.024 -> miss
[15/150] staged_wide    s0 t4 final=0.0098 plateau@25 pred=0.027/true=0.017 -> STRICT
[16/150] staged_wide    s0 t5 final=0.0199 plateau@76 pred=0.022/true=0.034 -> miss
[17/150] staged_wide    s0 t6 final=0.0080 plateau@100 pred=0.030/true=0.019 -> STRICT
[18/150] staged_wide    s0 t7 final=0.0174 plateau@30 pred=0.020/true=0.018 -> STRICT
[19/150] staged_wide    s0 t8 final=0.0164 plateau@56 pred=0.024/true=0.023 -> miss
[20/150] staged_wide    s0 t9 final=0.0124 plateau@96 pred=0.037/true=0.016 -> STRICT
[21/150] anneal         s0 t0 final=0.0117 plateau@62 pred=0.020/true=0.011 -> STRICT
[22/150] anneal         s0 t1 final=0.0139 plateau@46 pred=0.027/true=0.014 -> STRICT
[23/150] anneal         s0 t2 final=0.0062 plateau@52 pred=0.027/true=0.008 -> STRICT
[24/150] anneal         s0 t3 final=0.0145 plateau@17 pred=0.018/true=0.023 -> miss
[25/150] anneal         s0 t4 final=0.0082 plateau@62 pred=0.016/true=0.020 -> STRICT
[26/150] anneal         s0 t5 final=0.0232 plateau@39 pred=0.017/true=0.034 -> miss
[27/150] anneal         s0 t6 final=0.0063 plateau@89 pred=0.025/true=0.013 -> STRICT
[28/150] anneal         s0 t7 final=0.0158 plateau@21 pred=0.012/true=0.024 -> STRICT
[29/150] anneal         s0 t8 final=0.0101 plateau@60 pred=0.018/true=0.021 -> STRICT
[30/150] anneal         s0 t9 final=0.0097 plateau@70 pred=0.033/true=0.016 -> STRICT
  loaded bilinear_r20_seed1.pt
[31/150] staged_narrow  s1 t0 final=0.0333 plateau@18 pred=0.029/true=0.059 -> STRICT
[32/150] staged_narrow  s1 t1 final=0.0423 plateau@22 pred=0.004/true=0.072 -> miss
[33/150] staged_narrow  s1 t2 final=0.0625 plateau@37 pred=0.018/true=0.093 -> miss
[34/150] staged_narrow  s1 t3 final=0.0351 plateau@14 pred=0.015/true=0.039 -> miss
[35/150] staged_narrow  s1 t4 final=0.0983 plateau@13 pred=0.050/true=0.127 -> miss
[36/150] staged_narrow  s1 t5 final=0.0561 plateau@41 pred=0.019/true=0.087 -> miss
[37/150] staged_narrow  s1 t6 final=0.0204 plateau@52 pred=0.037/true=0.050 -> miss
[38/150] staged_narrow  s1 t7 final=0.0162 no-plateau pred=0.010/true=0.013 -> miss
[39/150] staged_narrow  s1 t8 final=0.0385 plateau@14 pred=0.024/true=0.044 -> miss
[40/150] staged_narrow  s1 t9 final=0.0724 plateau@34 pred=0.011/true=0.065 -> miss
[41/150] staged_wide    s1 t0 final=0.0034 no-plateau pred=0.028/true=0.018 -> STRICT
[42/150] staged_wide    s1 t1 final=0.0155 plateau@43 pred=0.027/true=0.010 -> STRICT
[43/150] staged_wide    s1 t2 final=0.0126 plateau@83 pred=0.027/true=0.020 -> STRICT
[44/150] staged_wide    s1 t3 final=0.0061 plateau@49 pred=0.028/true=0.008 -> STRICT
[45/150] staged_wide    s1 t4 final=0.0092 plateau@24 pred=0.025/true=0.010 -> STRICT
[46/150] staged_wide    s1 t5 final=0.0118 plateau@85 pred=0.023/true=0.011 -> STRICT
[47/150] staged_wide    s1 t6 final=0.0127 plateau@65 pred=0.027/true=0.009 -> STRICT
[48/150] staged_wide    s1 t7 final=0.0180 plateau@50 pred=0.018/true=0.017 -> STRICT
[49/150] staged_wide    s1 t8 final=0.0069 plateau@40 pred=0.026/true=0.003 -> STRICT
[50/150] staged_wide    s1 t9 final=0.0183 plateau@77 pred=0.027/true=0.021 -> STRICT
[51/150] anneal         s1 t0 final=0.0048 plateau@38 pred=0.020/true=0.020 -> STRICT
[52/150] anneal         s1 t1 final=0.0141 plateau@43 pred=0.023/true=0.016 -> STRICT
[53/150] anneal         s1 t2 final=0.0228 plateau@45 pred=0.017/true=0.022 -> STRICT
[54/150] anneal         s1 t3 final=0.0078 plateau@18 pred=0.022/true=0.013 -> STRICT
[55/150] anneal         s1 t4 final=0.0177 plateau@15 pred=0.015/true=0.019 -> STRICT
[56/150] anneal         s1 t5 final=0.0159 plateau@65 pred=0.018/true=0.015 -> STRICT
[57/150] anneal         s1 t6 final=0.0173 plateau@37 pred=0.020/true=0.018 -> STRICT
[58/150] anneal         s1 t7 final=0.0236 plateau@55 pred=0.011/true=0.025 -> STRICT
[59/150] anneal         s1 t8 final=0.0088 plateau@56 pred=0.019/true=0.008 -> STRICT
[60/150] anneal         s1 t9 final=0.0229 plateau@46 pred=0.024/true=0.025 -> STRICT
  loaded bilinear_r20_seed2.pt
[61/150] staged_narrow  s2 t0 final=0.0305 plateau@100 pred=0.023/true=0.041 -> STRICT
[62/150] staged_narrow  s2 t1 final=0.0488 plateau@22 pred=0.013/true=0.084 -> miss
[63/150] staged_narrow  s2 t2 final=0.0492 plateau@25 pred=0.017/true=0.087 -> miss
[64/150] staged_narrow  s2 t3 final=0.0375 plateau@14 pred=0.013/true=0.052 -> STRICT
[65/150] staged_narrow  s2 t4 final=0.0709 plateau@13 pred=0.029/true=0.103 -> miss
[66/150] staged_narrow  s2 t5 final=0.0554 plateau@26 pred=0.008/true=0.067 -> miss
[67/150] staged_narrow  s2 t6 final=0.0124 plateau@90 pred=0.037/true=0.045 -> STRICT
[68/150] staged_narrow  s2 t7 final=0.0172 no-plateau pred=0.004/true=0.017 -> miss
[69/150] staged_narrow  s2 t8 final=0.0402 plateau@13 pred=0.024/true=0.050 -> miss
[70/150] staged_narrow  s2 t9 final=0.0622 plateau@32 pred=0.008/true=0.063 -> STRICT
[71/150] staged_wide    s2 t0 final=0.0102 plateau@76 pred=0.028/true=0.023 -> STRICT
[72/150] staged_wide    s2 t1 final=0.0083 plateau@87 pred=0.029/true=0.011 -> STRICT
[73/150] staged_wide    s2 t2 final=0.0111 plateau@58 pred=0.029/true=0.020 -> STRICT
[74/150] staged_wide    s2 t3 final=0.0119 plateau@83 pred=0.028/true=0.013 -> STRICT
[75/150] staged_wide    s2 t4 final=0.0077 plateau@31 pred=0.022/true=0.011 -> STRICT
[76/150] staged_wide    s2 t5 final=0.0099 plateau@95 pred=0.025/true=0.013 -> STRICT
[77/150] staged_wide    s2 t6 final=0.0103 plateau@46 pred=0.029/true=0.012 -> STRICT
[78/150] staged_wide    s2 t7 final=0.0106 plateau@25 pred=0.019/true=0.016 -> STRICT
[79/150] staged_wide    s2 t8 final=0.0091 plateau@64 pred=0.028/true=0.005 -> STRICT
[80/150] staged_wide    s2 t9 final=0.0081 plateau@56 pred=0.029/true=0.013 -> STRICT
[81/150] anneal         s2 t0 final=0.0074 plateau@99 pred=0.019/true=0.023 -> STRICT
[82/150] anneal         s2 t1 final=0.0069 plateau@22 pred=0.021/true=0.016 -> STRICT
[83/150] anneal         s2 t2 final=0.0175 plateau@32 pred=0.019/true=0.023 -> STRICT
[84/150] anneal         s2 t3 final=0.0133 plateau@61 pred=0.022/true=0.022 -> STRICT
[85/150] anneal         s2 t4 final=0.0151 plateau@23 pred=0.013/true=0.019 -> STRICT
[86/150] anneal         s2 t5 final=0.0145 plateau@96 pred=0.019/true=0.014 -> STRICT
[87/150] anneal         s2 t6 final=0.0121 plateau@57 pred=0.021/true=0.020 -> STRICT
[88/150] anneal         s2 t7 final=0.0184 plateau@23 pred=0.011/true=0.025 -> STRICT
[89/150] anneal         s2 t8 final=0.0063 plateau@41 pred=0.020/true=0.009 -> STRICT
[90/150] anneal         s2 t9 final=0.0114 plateau@46 pred=0.026/true=0.014 -> STRICT
  loaded bilinear_r20_seed3.pt
[91/150] staged_narrow  s3 t0 final=0.0398 plateau@23 pred=0.039/true=0.074 -> miss
[92/150] staged_narrow  s3 t1 final=0.0246 plateau@27 pred=0.004/true=0.056 -> STRICT
[93/150] staged_narrow  s3 t2 final=0.0742 plateau@40 pred=0.024/true=0.093 -> miss
[94/150] staged_narrow  s3 t3 final=0.0535 plateau@13 pred=0.026/true=0.091 -> STRICT
[95/150] staged_narrow  s3 t4 final=0.0886 plateau@14 pred=0.042/true=0.128 -> STRICT
[96/150] staged_narrow  s3 t5 final=0.0438 plateau@59 pred=0.019/true=0.072 -> miss
[97/150] staged_narrow  s3 t6 final=0.0649 plateau@69 pred=0.061/true=0.109 -> STRICT
[98/150] staged_narrow  s3 t7 final=0.0106 no-plateau pred=0.005/true=0.025 -> miss
[99/150] staged_narrow  s3 t8 final=0.0443 plateau@28 pred=0.027/true=0.030 -> miss
[100/150] staged_narrow  s3 t9 final=0.0490 plateau@48 pred=0.011/true=0.050 -> miss
[101/150] staged_wide    s3 t0 final=0.0084 plateau@77 pred=0.027/true=0.022 -> STRICT
[102/150] staged_wide    s3 t1 final=0.0122 plateau@75 pred=0.021/true=0.011 -> STRICT
[103/150] staged_wide    s3 t2 final=0.0061 plateau@65 pred=0.019/true=0.016 -> STRICT
[104/150] staged_wide    s3 t3 final=0.0113 plateau@41 pred=0.030/true=0.006 -> STRICT
[105/150] staged_wide    s3 t4 final=0.0105 plateau@23 pred=0.023/true=0.010 -> STRICT
[106/150] staged_wide    s3 t5 final=0.0054 plateau@65 pred=0.023/true=0.012 -> STRICT
[107/150] staged_wide    s3 t6 final=0.0066 plateau@88 pred=0.024/true=0.009 -> STRICT
[108/150] staged_wide    s3 t7 final=0.0120 plateau@24 pred=0.017/true=0.004 -> STRICT
[109/150] staged_wide    s3 t8 final=0.0096 plateau@55 pred=0.026/true=0.014 -> STRICT
[110/150] staged_wide    s3 t9 final=0.0034 plateau@91 pred=0.022/true=0.004 -> STRICT
[111/150] anneal         s3 t0 final=0.0064 plateau@51 pred=0.019/true=0.020 -> STRICT
[112/150] anneal         s3 t1 final=0.0057 plateau@45 pred=0.016/true=0.009 -> STRICT
[113/150] anneal         s3 t2 final=0.0137 plateau@53 pred=0.011/true=0.020 -> STRICT
[114/150] anneal         s3 t3 final=0.0125 plateau@35 pred=0.025/true=0.007 -> STRICT
[115/150] anneal         s3 t4 final=0.0005 plateau@24 pred=0.013/true=0.004 -> STRICT
[116/150] anneal         s3 t5 final=0.0067 plateau@65 pred=0.017/true=0.022 -> STRICT
[117/150] anneal         s3 t6 final=0.0085 plateau@55 pred=0.018/true=0.016 -> STRICT
[118/150] anneal         s3 t7 final=0.0086 plateau@21 pred=0.009/true=0.009 -> STRICT
[119/150] anneal         s3 t8 final=0.0122 plateau@50 pred=0.018/true=0.019 -> STRICT
[120/150] anneal         s3 t9 final=0.0051 plateau@59 pred=0.020/true=0.007 -> STRICT
  loaded bilinear_r20_seed4.pt
[121/150] staged_narrow  s4 t0 final=0.0416 plateau@101 pred=0.035/true=0.061 -> STRICT
[122/150] staged_narrow  s4 t1 final=0.0446 plateau@21 pred=0.009/true=0.084 -> miss
[123/150] staged_narrow  s4 t2 final=0.0799 plateau@38 pred=0.017/true=0.132 -> miss
[124/150] staged_narrow  s4 t3 final=0.0334 plateau@14 pred=0.014/true=0.041 -> STRICT
[125/150] staged_narrow  s4 t4 final=0.0838 plateau@12 pred=0.033/true=0.123 -> miss
[126/150] staged_narrow  s4 t5 final=0.0661 plateau@39 pred=0.007/true=0.096 -> miss
[127/150] staged_narrow  s4 t6 final=0.0656 plateau@54 pred=0.072/true=0.062 -> STRICT
[128/150] staged_narrow  s4 t7 final=0.0177 plateau@65 pred=0.009/true=0.028 -> miss
[129/150] staged_narrow  s4 t8 final=0.0587 plateau@19 pred=0.022/true=0.049 -> miss
[130/150] staged_narrow  s4 t9 final=0.0788 plateau@32 pred=0.016/true=0.084 -> miss
[131/150] staged_wide    s4 t0 final=0.0179 plateau@51 pred=0.031/true=0.023 -> miss
[132/150] staged_wide    s4 t1 final=0.0160 plateau@34 pred=0.031/true=0.024 -> STRICT
[133/150] staged_wide    s4 t2 final=0.0099 no-plateau pred=0.037/true=0.024 -> STRICT
[134/150] staged_wide    s4 t3 final=0.0156 plateau@43 pred=0.029/true=0.011 -> STRICT
[135/150] staged_wide    s4 t4 final=0.0095 plateau@25 pred=0.026/true=0.010 -> STRICT
[136/150] staged_wide    s4 t5 final=0.0057 no-plateau pred=0.022/true=0.014 -> STRICT
[137/150] staged_wide    s4 t6 final=0.0142 plateau@100 pred=0.032/true=0.011 -> STRICT
[138/150] staged_wide    s4 t7 final=0.0092 plateau@28 pred=0.020/true=0.018 -> STRICT
[139/150] staged_wide    s4 t8 final=0.0121 plateau@56 pred=0.029/true=0.008 -> STRICT
[140/150] staged_wide    s4 t9 final=0.0119 no-plateau pred=0.036/true=0.016 -> STRICT
[141/150] anneal         s4 t0 final=0.0092 plateau@78 pred=0.020/true=0.016 -> STRICT
[142/150] anneal         s4 t1 final=0.0133 plateau@20 pred=0.023/true=0.025 -> STRICT
[143/150] anneal         s4 t2 final=0.0135 plateau@50 pred=0.024/true=0.025 -> STRICT
[144/150] anneal         s4 t3 final=0.0123 plateau@28 pred=0.022/true=0.014 -> STRICT
[145/150] anneal         s4 t4 final=0.0145 plateau@96 pred=0.015/true=0.022 -> STRICT
[146/150] anneal         s4 t5 final=0.0119 no-plateau pred=0.015/true=0.017 -> STRICT
[147/150] anneal         s4 t6 final=0.0088 plateau@57 pred=0.025/true=0.014 -> STRICT
[148/150] anneal         s4 t7 final=0.0177 plateau@28 pred=0.011/true=0.027 -> STRICT
[149/150] anneal         s4 t8 final=0.0051 plateau@55 pred=0.020/true=0.007 -> STRICT
[150/150] anneal         s4 t9 final=0.0093 plateau@40 pred=0.032/true=0.019 -> STRICT

done -> /home/home/mbd/koopman/mbd_koopman/exper/out/probe_narrow/trials.jsonl
