model=bilinear r=20 N=800 S=5 sigma=1.2->0.3 T=15 seeds=[0, 1, 2, 3, 4]
lambdas 3 x schedules 5 x seeds 5 x targets 10 = 750 trials
  loaded phys_bilinear_r20_seed0.pt
[1/750] lam=0.00 single_wide    s0 t0 err=0.0117 steps=120 -> miss
[2/750] lam=0.00 single_wide    s0 t1 err=0.0116 steps=76 -> STRICT
[3/750] lam=0.00 single_wide    s0 t2 err=0.0078 steps=63 -> STRICT
[4/750] lam=0.00 single_wide    s0 t3 err=0.0165 steps=120 -> miss
[5/750] lam=0.00 single_wide    s0 t4 err=0.0130 steps=17 -> STRICT
[6/750] lam=0.00 single_wide    s0 t5 err=0.0175 steps=120 -> miss
[7/750] lam=0.00 single_wide    s0 t6 err=0.0102 steps=65 -> STRICT
[8/750] lam=0.00 single_wide    s0 t7 err=0.0124 steps=30 -> STRICT
[9/750] lam=0.00 single_wide    s0 t8 err=0.0157 steps=120 -> miss
[10/750] lam=0.00 single_wide    s0 t9 err=0.0126 steps=101 -> STRICT
[11/750] lam=0.00 single_narrow  s0 t0 err=0.0111 steps=26 -> STRICT
[12/750] lam=0.00 single_narrow  s0 t1 err=0.0194 steps=23 -> STRICT
[13/750] lam=0.00 single_narrow  s0 t2 err=0.0184 steps=120 -> miss
[14/750] lam=0.00 single_narrow  s0 t3 err=0.0065 steps=21 -> STRICT
[15/750] lam=0.00 single_narrow  s0 t4 err=0.0186 steps=120 -> miss
[16/750] lam=0.00 single_narrow  s0 t5 err=0.0141 steps=120 -> miss
[17/750] lam=0.00 single_narrow  s0 t6 err=0.0195 steps=19 -> STRICT
[18/750] lam=0.00 single_narrow  s0 t7 err=0.0159 steps=120 -> miss
[19/750] lam=0.00 single_narrow  s0 t8 err=0.0104 steps=23 -> STRICT
[20/750] lam=0.00 single_narrow  s0 t9 err=0.0155 steps=25 -> STRICT
[21/750] lam=0.00 staged_wide    s0 t0 err=0.0106 steps=37 -> STRICT
[22/750] lam=0.00 staged_wide    s0 t1 err=0.0137 steps=87 -> STRICT
[23/750] lam=0.00 staged_wide    s0 t2 err=0.0089 steps=48 -> STRICT
[24/750] lam=0.00 staged_wide    s0 t3 err=0.0158 steps=27 -> STRICT
[25/750] lam=0.00 staged_wide    s0 t4 err=0.0116 steps=15 -> STRICT
[26/750] lam=0.00 staged_wide    s0 t5 err=0.0107 steps=50 -> STRICT
[27/750] lam=0.00 staged_wide    s0 t6 err=0.0135 steps=65 -> STRICT
[28/750] lam=0.00 staged_wide    s0 t7 err=0.0142 steps=27 -> STRICT
[29/750] lam=0.00 staged_wide    s0 t8 err=0.0160 steps=50 -> STRICT
[30/750] lam=0.00 staged_wide    s0 t9 err=0.0159 steps=88 -> STRICT
[31/750] lam=0.00 staged_narrow  s0 t0 err=0.0061 steps=22 -> STRICT
[32/750] lam=0.00 staged_narrow  s0 t1 err=0.0101 steps=23 -> STRICT
[33/750] lam=0.00 staged_narrow  s0 t2 err=0.0151 steps=120 -> miss
[34/750] lam=0.00 staged_narrow  s0 t3 err=0.0042 steps=13 -> STRICT
[35/750] lam=0.00 staged_narrow  s0 t4 err=0.0089 steps=15 -> STRICT
[36/750] lam=0.00 staged_narrow  s0 t5 err=0.0090 steps=26 -> STRICT
[37/750] lam=0.00 staged_narrow  s0 t6 err=0.0170 steps=11 -> STRICT
[38/750] lam=0.00 staged_narrow  s0 t7 err=0.0108 steps=35 -> STRICT
[39/750] lam=0.00 staged_narrow  s0 t8 err=0.0058 steps=13 -> STRICT
[40/750] lam=0.00 staged_narrow  s0 t9 err=0.0073 steps=14 -> STRICT
[41/750] lam=0.00 anneal         s0 t0 err=0.0034 steps=20 -> STRICT
[42/750] lam=0.00 anneal         s0 t1 err=0.0131 steps=16 -> STRICT
[43/750] lam=0.00 anneal         s0 t2 err=0.0099 steps=23 -> STRICT
[44/750] lam=0.00 anneal         s0 t3 err=0.0071 steps=12 -> STRICT
[45/750] lam=0.00 anneal         s0 t4 err=0.0082 steps=11 -> STRICT
[46/750] lam=0.00 anneal         s0 t5 err=0.0061 steps=27 -> STRICT
[47/750] lam=0.00 anneal         s0 t6 err=0.0120 steps=17 -> STRICT
[48/750] lam=0.00 anneal         s0 t7 err=0.0062 steps=19 -> STRICT
[49/750] lam=0.00 anneal         s0 t8 err=0.0074 steps=16 -> STRICT
[50/750] lam=0.00 anneal         s0 t9 err=0.0095 steps=28 -> STRICT
  diagnostics lam=0.0: {'cold_wide': 0.07491814009060607, 'settled_wide': 0.07016347864324612, 'cold_narrow': 0.06903948981004508, 'settled_narrow': 0.02914019924240297, 'narrow_plan_end_pred': 0.004736569037568653, 'narrow_plan_end_true': 0.010966530417819831}
[51/750] lam=0.50 single_wide    s0 t0 err=0.0062 steps=26 -> STRICT
[52/750] lam=0.50 single_wide    s0 t1 err=0.0134 steps=22 -> STRICT
[53/750] lam=0.50 single_wide    s0 t2 err=0.0175 steps=26 -> STRICT
[54/750] lam=0.50 single_wide    s0 t3 err=0.0061 steps=16 -> STRICT
[55/750] lam=0.50 single_wide    s0 t4 err=0.0139 steps=120 -> miss
[56/750] lam=0.50 single_wide    s0 t5 err=0.0151 steps=120 -> miss
[57/750] lam=0.50 single_wide    s0 t6 err=0.0152 steps=18 -> STRICT
[58/750] lam=0.50 single_wide    s0 t7 err=0.0140 steps=120 -> miss
[59/750] lam=0.50 single_wide    s0 t8 err=0.0079 steps=19 -> STRICT
[60/750] lam=0.50 single_wide    s0 t9 err=0.0124 steps=26 -> STRICT
[61/750] lam=0.50 single_narrow  s0 t0 err=0.0116 steps=120 -> miss
[62/750] lam=0.50 single_narrow  s0 t1 err=0.0181 steps=120 -> miss
[63/750] lam=0.50 single_narrow  s0 t2 err=0.0223 steps=120 -> miss
[64/750] lam=0.50 single_narrow  s0 t3 err=0.0072 steps=22 -> STRICT
[65/750] lam=0.50 single_narrow  s0 t4 err=0.0190 steps=120 -> miss
[66/750] lam=0.50 single_narrow  s0 t5 err=0.0157 steps=120 -> miss
[67/750] lam=0.50 single_narrow  s0 t6 err=0.0206 steps=120 -> miss
[68/750] lam=0.50 single_narrow  s0 t7 err=0.0182 steps=120 -> miss
[69/750] lam=0.50 single_narrow  s0 t8 err=0.0108 steps=35 -> STRICT
[70/750] lam=0.50 single_narrow  s0 t9 err=0.0201 steps=120 -> miss
[71/750] lam=0.50 staged_wide    s0 t0 err=0.0040 steps=21 -> STRICT
[72/750] lam=0.50 staged_wide    s0 t1 err=0.0095 steps=17 -> STRICT
[73/750] lam=0.50 staged_wide    s0 t2 err=0.0180 steps=24 -> STRICT
[74/750] lam=0.50 staged_wide    s0 t3 err=0.0045 steps=13 -> STRICT
[75/750] lam=0.50 staged_wide    s0 t4 err=0.0092 steps=17 -> STRICT
[76/750] lam=0.50 staged_wide    s0 t5 err=0.0135 steps=49 -> STRICT
[77/750] lam=0.50 staged_wide    s0 t6 err=0.0176 steps=15 -> STRICT
[78/750] lam=0.50 staged_wide    s0 t7 err=0.0139 steps=54 -> STRICT
[79/750] lam=0.50 staged_wide    s0 t8 err=0.0049 steps=19 -> STRICT
[80/750] lam=0.50 staged_wide    s0 t9 err=0.0126 steps=26 -> STRICT
[81/750] lam=0.50 staged_narrow  s0 t0 err=0.0084 steps=24 -> STRICT
[82/750] lam=0.50 staged_narrow  s0 t1 err=0.0133 steps=120 -> miss
[83/750] lam=0.50 staged_narrow  s0 t2 err=0.0179 steps=120 -> miss
[84/750] lam=0.50 staged_narrow  s0 t3 err=0.0053 steps=16 -> STRICT
[85/750] lam=0.50 staged_narrow  s0 t4 err=0.0127 steps=120 -> miss
[86/750] lam=0.50 staged_narrow  s0 t5 err=0.0114 steps=47 -> STRICT
[87/750] lam=0.50 staged_narrow  s0 t6 err=0.0162 steps=120 -> miss
[88/750] lam=0.50 staged_narrow  s0 t7 err=0.0140 steps=120 -> miss
[89/750] lam=0.50 staged_narrow  s0 t8 err=0.0077 steps=15 -> STRICT
[90/750] lam=0.50 staged_narrow  s0 t9 err=0.0146 steps=120 -> miss
[91/750] lam=0.50 anneal         s0 t0 err=0.0082 steps=23 -> STRICT
[92/750] lam=0.50 anneal         s0 t1 err=0.0134 steps=13 -> STRICT
[93/750] lam=0.50 anneal         s0 t2 err=0.0166 steps=16 -> STRICT
[94/750] lam=0.50 anneal         s0 t3 err=0.0055 steps=11 -> STRICT
[95/750] lam=0.50 anneal         s0 t4 err=0.0115 steps=51 -> STRICT
[96/750] lam=0.50 anneal         s0 t5 err=0.0097 steps=42 -> STRICT
[97/750] lam=0.50 anneal         s0 t6 err=0.0169 steps=10 -> STRICT
[98/750] lam=0.50 anneal         s0 t7 err=0.0124 steps=52 -> STRICT
[99/750] lam=0.50 anneal         s0 t8 err=0.0081 steps=11 -> STRICT
[100/750] lam=0.50 anneal         s0 t9 err=0.0117 steps=17 -> STRICT
  diagnostics lam=0.5: {'cold_wide': 0.09375463399549633, 'settled_wide': 0.06892284951245332, 'cold_narrow': 0.08882400207803165, 'settled_narrow': 0.02745244461281705, 'narrow_plan_end_pred': 0.00421108155249261, 'narrow_plan_end_true': 0.018602967258808074}
[101/750] lam=1.00 single_wide    s0 t0 err=0.0279 steps=88 -> STRICT
[102/750] lam=1.00 single_wide    s0 t1 err=0.0240 steps=120 -> miss
[103/750] lam=1.00 single_wide    s0 t2 err=0.0227 steps=120 -> miss
[104/750] lam=1.00 single_wide    s0 t3 err=0.0118 steps=90 -> STRICT
[105/750] lam=1.00 single_wide    s0 t4 err=0.0244 steps=120 -> miss
[106/750] lam=1.00 single_wide    s0 t5 err=0.0173 steps=120 -> miss
[107/750] lam=1.00 single_wide    s0 t6 err=0.0241 steps=120 -> miss
[108/750] lam=1.00 single_wide    s0 t7 err=0.0260 steps=120 -> miss
[109/750] lam=1.00 single_wide    s0 t8 err=0.0121 steps=45 -> STRICT
[110/750] lam=1.00 single_wide    s0 t9 err=0.0203 steps=120 -> miss
[111/750] lam=1.00 single_narrow  s0 t0 err=0.1516 steps=120 -> miss
[112/750] lam=1.00 single_narrow  s0 t1 err=0.0319 steps=120 -> miss
[113/750] lam=1.00 single_narrow  s0 t2 err=0.0185 steps=72 -> STRICT
[114/750] lam=1.00 single_narrow  s0 t3 err=0.0675 steps=120 -> miss
[115/750] lam=1.00 single_narrow  s0 t4 err=0.0269 steps=120 -> miss
[116/750] lam=1.00 single_narrow  s0 t5 err=0.0210 steps=120 -> miss
[117/750] lam=1.00 single_narrow  s0 t6 err=0.0241 steps=22 -> STRICT
[118/750] lam=1.00 single_narrow  s0 t7 err=0.0263 steps=120 -> miss
[119/750] lam=1.00 single_narrow  s0 t8 err=0.0156 steps=78 -> STRICT
[120/750] lam=1.00 single_narrow  s0 t9 err=0.0220 steps=120 -> miss
[121/750] lam=1.00 staged_wide    s0 t0 err=0.0163 steps=77 -> STRICT
[122/750] lam=1.00 staged_wide    s0 t1 err=0.0204 steps=34 -> STRICT
[123/750] lam=1.00 staged_wide    s0 t2 err=0.0231 steps=120 -> miss
[124/750] lam=1.00 staged_wide    s0 t3 err=0.0165 steps=90 -> STRICT
[125/750] lam=1.00 staged_wide    s0 t4 err=0.0200 steps=120 -> miss
[126/750] lam=1.00 staged_wide    s0 t5 err=0.0194 steps=64 -> STRICT
[127/750] lam=1.00 staged_wide    s0 t6 err=0.0244 steps=120 -> miss
[128/750] lam=1.00 staged_wide    s0 t7 err=0.0238 steps=33 -> STRICT
[129/750] lam=1.00 staged_wide    s0 t8 err=0.0144 steps=36 -> STRICT
[130/750] lam=1.00 staged_wide    s0 t9 err=0.0284 steps=44 -> STRICT
[131/750] lam=1.00 staged_narrow  s0 t0 err=0.0142 steps=120 -> miss
[132/750] lam=1.00 staged_narrow  s0 t1 err=0.0188 steps=120 -> miss
[133/750] lam=1.00 staged_narrow  s0 t2 err=0.0216 steps=120 -> miss
[134/750] lam=1.00 staged_narrow  s0 t3 err=0.0114 steps=54 -> STRICT
[135/750] lam=1.00 staged_narrow  s0 t4 err=0.0206 steps=120 -> miss
[136/750] lam=1.00 staged_narrow  s0 t5 err=0.0180 steps=120 -> miss
[137/750] lam=1.00 staged_narrow  s0 t6 err=0.0214 steps=17 -> STRICT
[138/750] lam=1.00 staged_narrow  s0 t7 err=0.0221 steps=22 -> STRICT
[139/750] lam=1.00 staged_narrow  s0 t8 err=0.0137 steps=23 -> STRICT
[140/750] lam=1.00 staged_narrow  s0 t9 err=0.0208 steps=120 -> miss
[141/750] lam=1.00 anneal         s0 t0 err=0.0126 steps=55 -> STRICT
[142/750] lam=1.00 anneal         s0 t1 err=0.0230 steps=24 -> STRICT
[143/750] lam=1.00 anneal         s0 t2 err=0.0190 steps=120 -> miss
[144/750] lam=1.00 anneal         s0 t3 err=0.0097 steps=58 -> STRICT
[145/750] lam=1.00 anneal         s0 t4 err=0.0204 steps=120 -> miss
[146/750] lam=1.00 anneal         s0 t5 err=0.0138 steps=70 -> STRICT
[147/750] lam=1.00 anneal         s0 t6 err=0.0240 steps=17 -> STRICT
[148/750] lam=1.00 anneal         s0 t7 err=0.0243 steps=25 -> STRICT
[149/750] lam=1.00 anneal         s0 t8 err=0.0163 steps=27 -> STRICT
[150/750] lam=1.00 anneal         s0 t9 err=0.0335 steps=43 -> STRICT
  diagnostics lam=1.0: {'cold_wide': 0.0997382500507994, 'settled_wide': 0.07470365694364824, 'cold_narrow': 0.08219744017048779, 'settled_narrow': 0.029935573221836948, 'narrow_plan_end_pred': 0.0011370189536519203, 'narrow_plan_end_true': 0.021198378853261073}
  loaded phys_bilinear_r20_seed1.pt
[151/750] lam=0.00 single_wide    s1 t0 err=0.0055 steps=36 -> STRICT
[152/750] lam=0.00 single_wide    s1 t1 err=0.0146 steps=35 -> STRICT
[153/750] lam=0.00 single_wide    s1 t2 err=0.0175 steps=48 -> STRICT
[154/750] lam=0.00 single_wide    s1 t3 err=0.0052 steps=21 -> STRICT
[155/750] lam=0.00 single_wide    s1 t4 err=0.0113 steps=17 -> STRICT
[156/750] lam=0.00 single_wide    s1 t5 err=0.0091 steps=43 -> STRICT
[157/750] lam=0.00 single_wide    s1 t6 err=0.0119 steps=37 -> STRICT
[158/750] lam=0.00 single_wide    s1 t7 err=0.0114 steps=52 -> STRICT
[159/750] lam=0.00 single_wide    s1 t8 err=0.0069 steps=34 -> STRICT
[160/750] lam=0.00 single_wide    s1 t9 err=0.0178 steps=51 -> STRICT
[161/750] lam=0.00 single_narrow  s1 t0 err=0.0223 steps=120 -> miss
[162/750] lam=0.00 single_narrow  s1 t1 err=0.0344 steps=120 -> miss
[163/750] lam=0.00 single_narrow  s1 t2 err=0.0274 steps=120 -> miss
[164/750] lam=0.00 single_narrow  s1 t3 err=0.0173 steps=120 -> miss
[165/750] lam=0.00 single_narrow  s1 t4 err=0.0258 steps=17 -> STRICT
[166/750] lam=0.00 single_narrow  s1 t5 err=0.0134 steps=120 -> miss
[167/750] lam=0.00 single_narrow  s1 t6 err=0.0297 steps=120 -> miss
[168/750] lam=0.00 single_narrow  s1 t7 err=0.0242 steps=120 -> miss
[169/750] lam=0.00 single_narrow  s1 t8 err=0.0155 steps=20 -> STRICT
[170/750] lam=0.00 single_narrow  s1 t9 err=0.0321 steps=120 -> miss
[171/750] lam=0.00 staged_wide    s1 t0 err=0.0049 steps=24 -> STRICT
[172/750] lam=0.00 staged_wide    s1 t1 err=0.0157 steps=28 -> STRICT
[173/750] lam=0.00 staged_wide    s1 t2 err=0.0238 steps=45 -> STRICT
[174/750] lam=0.00 staged_wide    s1 t3 err=0.0059 steps=16 -> STRICT
[175/750] lam=0.00 staged_wide    s1 t4 err=0.0105 steps=15 -> STRICT
[176/750] lam=0.00 staged_wide    s1 t5 err=0.0099 steps=48 -> STRICT
[177/750] lam=0.00 staged_wide    s1 t6 err=0.0174 steps=45 -> STRICT
[178/750] lam=0.00 staged_wide    s1 t7 err=0.0160 steps=55 -> STRICT
[179/750] lam=0.00 staged_wide    s1 t8 err=0.0072 steps=38 -> STRICT
[180/750] lam=0.00 staged_wide    s1 t9 err=0.0213 steps=52 -> STRICT
[181/750] lam=0.00 staged_narrow  s1 t0 err=0.0140 steps=120 -> miss
[182/750] lam=0.00 staged_narrow  s1 t1 err=0.0234 steps=120 -> miss
[183/750] lam=0.00 staged_narrow  s1 t2 err=0.0230 steps=120 -> miss
[184/750] lam=0.00 staged_narrow  s1 t3 err=0.0102 steps=74 -> STRICT
[185/750] lam=0.00 staged_narrow  s1 t4 err=0.0186 steps=120 -> miss
[186/750] lam=0.00 staged_narrow  s1 t5 err=0.0089 steps=30 -> STRICT
[187/750] lam=0.00 staged_narrow  s1 t6 err=0.0229 steps=9 -> STRICT
[188/750] lam=0.00 staged_narrow  s1 t7 err=0.0178 steps=120 -> miss
[189/750] lam=0.00 staged_narrow  s1 t8 err=0.0105 steps=12 -> STRICT
[190/750] lam=0.00 staged_narrow  s1 t9 err=0.0250 steps=120 -> miss
[191/750] lam=0.00 anneal         s1 t0 err=0.0119 steps=13 -> STRICT
[192/750] lam=0.00 anneal         s1 t1 err=0.0227 steps=16 -> STRICT
[193/750] lam=0.00 anneal         s1 t2 err=0.0254 steps=22 -> STRICT
[194/750] lam=0.00 anneal         s1 t3 err=0.0079 steps=11 -> STRICT
[195/750] lam=0.00 anneal         s1 t4 err=0.0178 steps=16 -> STRICT
[196/750] lam=0.00 anneal         s1 t5 err=0.0089 steps=42 -> STRICT
[197/750] lam=0.00 anneal         s1 t6 err=0.0205 steps=14 -> STRICT
[198/750] lam=0.00 anneal         s1 t7 err=0.0175 steps=120 -> miss
[199/750] lam=0.00 anneal         s1 t8 err=0.0094 steps=13 -> STRICT
[200/750] lam=0.00 anneal         s1 t9 err=0.0247 steps=28 -> STRICT
[201/750] lam=0.50 single_wide    s1 t0 err=0.0168 steps=120 -> miss
[202/750] lam=0.50 single_wide    s1 t1 err=0.0234 steps=120 -> miss
[203/750] lam=0.50 single_wide    s1 t2 err=0.0264 steps=120 -> miss
[204/750] lam=0.50 single_wide    s1 t3 err=0.0135 steps=120 -> miss
[205/750] lam=0.50 single_wide    s1 t4 err=0.0207 steps=13 -> STRICT
[206/750] lam=0.50 single_wide    s1 t5 err=0.0125 steps=120 -> miss
[207/750] lam=0.50 single_wide    s1 t6 err=0.0214 steps=120 -> miss
[208/750] lam=0.50 single_wide    s1 t7 err=0.0195 steps=120 -> miss
[209/750] lam=0.50 single_wide    s1 t8 err=0.0136 steps=16 -> STRICT
[210/750] lam=0.50 single_wide    s1 t9 err=0.0283 steps=120 -> miss
[211/750] lam=0.50 single_narrow  s1 t0 err=0.0227 steps=120 -> miss
[212/750] lam=0.50 single_narrow  s1 t1 err=0.0284 steps=120 -> miss
[213/750] lam=0.50 single_narrow  s1 t2 err=0.0296 steps=120 -> miss
[214/750] lam=0.50 single_narrow  s1 t3 err=0.0191 steps=120 -> miss
[215/750] lam=0.50 single_narrow  s1 t4 err=0.0255 steps=120 -> miss
[216/750] lam=0.50 single_narrow  s1 t5 err=0.0152 steps=120 -> miss
[217/750] lam=0.50 single_narrow  s1 t6 err=0.0269 steps=120 -> miss
[218/750] lam=0.50 single_narrow  s1 t7 err=0.0245 steps=120 -> miss
[219/750] lam=0.50 single_narrow  s1 t8 err=0.0176 steps=120 -> miss
[220/750] lam=0.50 single_narrow  s1 t9 err=0.0331 steps=120 -> miss
[221/750] lam=0.50 staged_wide    s1 t0 err=0.0151 steps=73 -> STRICT
[222/750] lam=0.50 staged_wide    s1 t1 err=0.0200 steps=19 -> STRICT
[223/750] lam=0.50 staged_wide    s1 t2 err=0.0265 steps=25 -> STRICT
[224/750] lam=0.50 staged_wide    s1 t3 err=0.0127 steps=76 -> STRICT
[225/750] lam=0.50 staged_wide    s1 t4 err=0.0185 steps=12 -> STRICT
[226/750] lam=0.50 staged_wide    s1 t5 err=0.0142 steps=57 -> STRICT
[227/750] lam=0.50 staged_wide    s1 t6 err=0.0214 steps=15 -> STRICT
[228/750] lam=0.50 staged_wide    s1 t7 err=0.0182 steps=120 -> miss
[229/750] lam=0.50 staged_wide    s1 t8 err=0.0114 steps=13 -> STRICT
[230/750] lam=0.50 staged_wide    s1 t9 err=0.0259 steps=33 -> STRICT
[231/750] lam=0.50 staged_narrow  s1 t0 err=0.0171 steps=120 -> miss
[232/750] lam=0.50 staged_narrow  s1 t1 err=0.0220 steps=120 -> miss
[233/750] lam=0.50 staged_narrow  s1 t2 err=0.0234 steps=120 -> miss
[234/750] lam=0.50 staged_narrow  s1 t3 err=0.0151 steps=120 -> miss
[235/750] lam=0.50 staged_narrow  s1 t4 err=0.0195 steps=120 -> miss
[236/750] lam=0.50 staged_narrow  s1 t5 err=0.0118 steps=90 -> STRICT
[237/750] lam=0.50 staged_narrow  s1 t6 err=0.0198 steps=120 -> miss
[238/750] lam=0.50 staged_narrow  s1 t7 err=0.0191 steps=120 -> miss
[239/750] lam=0.50 staged_narrow  s1 t8 err=0.0132 steps=120 -> miss
[240/750] lam=0.50 staged_narrow  s1 t9 err=0.0248 steps=17 -> STRICT
[241/750] lam=0.50 anneal         s1 t0 err=0.0173 steps=120 -> miss
[242/750] lam=0.50 anneal         s1 t1 err=0.0225 steps=120 -> miss
[243/750] lam=0.50 anneal         s1 t2 err=0.0250 steps=16 -> STRICT
[244/750] lam=0.50 anneal         s1 t3 err=0.0161 steps=120 -> miss
[245/750] lam=0.50 anneal         s1 t4 err=0.0202 steps=120 -> miss
[246/750] lam=0.50 anneal         s1 t5 err=0.0117 steps=49 -> STRICT
[247/750] lam=0.50 anneal         s1 t6 err=0.0211 steps=10 -> STRICT
[248/750] lam=0.50 anneal         s1 t7 err=0.0186 steps=120 -> miss
[249/750] lam=0.50 anneal         s1 t8 err=0.0141 steps=10 -> STRICT
[250/750] lam=0.50 anneal         s1 t9 err=0.0243 steps=22 -> STRICT
[251/750] lam=1.00 single_wide    s1 t0 err=0.0220 steps=71 -> STRICT
[252/750] lam=1.00 single_wide    s1 t1 err=0.0318 steps=120 -> miss
[253/750] lam=1.00 single_wide    s1 t2 err=0.0297 steps=120 -> miss
[254/750] lam=1.00 single_wide    s1 t3 err=0.0219 steps=120 -> miss
[255/750] lam=1.00 single_wide    s1 t4 err=0.0278 steps=120 -> miss
[256/750] lam=1.00 single_wide    s1 t5 err=0.0175 steps=120 -> miss
[257/750] lam=1.00 single_wide    s1 t6 err=0.0266 steps=120 -> miss
[258/750] lam=1.00 single_wide    s1 t7 err=0.0253 steps=120 -> miss
[259/750] lam=1.00 single_wide    s1 t8 err=0.0190 steps=120 -> miss
[260/750] lam=1.00 single_wide    s1 t9 err=0.0347 steps=120 -> miss
[261/750] lam=1.00 single_narrow  s1 t0 err=0.2693 steps=120 -> miss
[262/750] lam=1.00 single_narrow  s1 t1 err=0.0326 steps=120 -> miss
[263/750] lam=1.00 single_narrow  s1 t2 err=0.0307 steps=120 -> miss
[264/750] lam=1.00 single_narrow  s1 t3 err=0.4325 steps=120 -> miss
[265/750] lam=1.00 single_narrow  s1 t4 err=0.0288 steps=120 -> miss
[266/750] lam=1.00 single_narrow  s1 t5 err=0.0172 steps=120 -> miss
[267/750] lam=1.00 single_narrow  s1 t6 err=0.0280 steps=120 -> miss
[268/750] lam=1.00 single_narrow  s1 t7 err=0.0282 steps=120 -> miss
[269/750] lam=1.00 single_narrow  s1 t8 err=0.0451 steps=120 -> miss
[270/750] lam=1.00 single_narrow  s1 t9 err=0.2330 steps=120 -> miss
[271/750] lam=1.00 staged_wide    s1 t0 err=0.0144 steps=120 -> miss
[272/750] lam=1.00 staged_wide    s1 t1 err=0.0273 steps=120 -> miss
[273/750] lam=1.00 staged_wide    s1 t2 err=0.0307 steps=120 -> miss
[274/750] lam=1.00 staged_wide    s1 t3 err=0.0407 steps=76 -> STRICT
[275/750] lam=1.00 staged_wide    s1 t4 err=0.0209 steps=120 -> miss
[276/750] lam=1.00 staged_wide    s1 t5 err=0.0177 steps=120 -> miss
[277/750] lam=1.00 staged_wide    s1 t6 err=0.0241 steps=120 -> miss
[278/750] lam=1.00 staged_wide    s1 t7 err=0.0229 steps=120 -> miss
[279/750] lam=1.00 staged_wide    s1 t8 err=0.0200 steps=120 -> miss
[280/750] lam=1.00 staged_wide    s1 t9 err=0.0359 steps=120 -> miss
[281/750] lam=1.00 staged_narrow  s1 t0 err=0.0235 steps=40 -> STRICT
[282/750] lam=1.00 staged_narrow  s1 t1 err=0.0261 steps=120 -> miss
[283/750] lam=1.00 staged_narrow  s1 t2 err=0.0288 steps=120 -> miss
[284/750] lam=1.00 staged_narrow  s1 t3 err=0.0234 steps=46 -> STRICT
[285/750] lam=1.00 staged_narrow  s1 t4 err=0.0248 steps=120 -> miss
[286/750] lam=1.00 staged_narrow  s1 t5 err=0.0151 steps=120 -> miss
[287/750] lam=1.00 staged_narrow  s1 t6 err=0.0239 steps=120 -> miss
[288/750] lam=1.00 staged_narrow  s1 t7 err=0.0241 steps=120 -> miss
[289/750] lam=1.00 staged_narrow  s1 t8 err=0.0192 steps=120 -> miss
[290/750] lam=1.00 staged_narrow  s1 t9 err=0.0347 steps=120 -> miss
[291/750] lam=1.00 anneal         s1 t0 err=0.0219 steps=120 -> miss
[292/750] lam=1.00 anneal         s1 t1 err=0.0263 steps=120 -> miss
[293/750] lam=1.00 anneal         s1 t2 err=0.0291 steps=120 -> miss
[294/750] lam=1.00 anneal         s1 t3 err=0.0291 steps=81 -> STRICT
[295/750] lam=1.00 anneal         s1 t4 err=0.0225 steps=120 -> miss
[296/750] lam=1.00 anneal         s1 t5 err=0.0169 steps=120 -> miss
[297/750] lam=1.00 anneal         s1 t6 err=0.0236 steps=120 -> miss
[298/750] lam=1.00 anneal         s1 t7 err=0.0235 steps=120 -> miss
[299/750] lam=1.00 anneal         s1 t8 err=0.0217 steps=120 -> miss
[300/750] lam=1.00 anneal         s1 t9 err=0.0372 steps=120 -> miss
  loaded phys_bilinear_r20_seed2.pt
[301/750] lam=0.00 single_wide    s2 t0 err=0.0092 steps=53 -> STRICT
[302/750] lam=0.00 single_wide    s2 t1 err=0.0103 steps=31 -> STRICT
[303/750] lam=0.00 single_wide    s2 t2 err=0.0128 steps=43 -> STRICT
[304/750] lam=0.00 single_wide    s2 t3 err=0.0090 steps=21 -> STRICT
[305/750] lam=0.00 single_wide    s2 t4 err=0.0080 steps=17 -> STRICT
[306/750] lam=0.00 single_wide    s2 t5 err=0.0062 steps=33 -> STRICT
[307/750] lam=0.00 single_wide    s2 t6 err=0.0067 steps=30 -> STRICT
[308/750] lam=0.00 single_wide    s2 t7 err=0.0082 steps=43 -> STRICT
[309/750] lam=0.00 single_wide    s2 t8 err=0.0036 steps=34 -> STRICT
[310/750] lam=0.00 single_wide    s2 t9 err=0.0095 steps=43 -> STRICT
[311/750] lam=0.00 single_narrow  s2 t0 err=0.0233 steps=120 -> miss
[312/750] lam=0.00 single_narrow  s2 t1 err=0.0299 steps=120 -> miss
[313/750] lam=0.00 single_narrow  s2 t2 err=0.0256 steps=120 -> miss
[314/750] lam=0.00 single_narrow  s2 t3 err=0.0183 steps=16 -> STRICT
[315/750] lam=0.00 single_narrow  s2 t4 err=0.0258 steps=17 -> STRICT
[316/750] lam=0.00 single_narrow  s2 t5 err=0.0165 steps=120 -> miss
[317/750] lam=0.00 single_narrow  s2 t6 err=0.0279 steps=120 -> miss
[318/750] lam=0.00 single_narrow  s2 t7 err=0.0255 steps=120 -> miss
[319/750] lam=0.00 single_narrow  s2 t8 err=0.0178 steps=21 -> STRICT
[320/750] lam=0.00 single_narrow  s2 t9 err=0.0239 steps=24 -> STRICT
[321/750] lam=0.00 staged_wide    s2 t0 err=0.0081 steps=34 -> STRICT
[322/750] lam=0.00 staged_wide    s2 t1 err=0.0056 steps=31 -> STRICT
[323/750] lam=0.00 staged_wide    s2 t2 err=0.0109 steps=37 -> STRICT
[324/750] lam=0.00 staged_wide    s2 t3 err=0.0104 steps=20 -> STRICT
[325/750] lam=0.00 staged_wide    s2 t4 err=0.0099 steps=15 -> STRICT
[326/750] lam=0.00 staged_wide    s2 t5 err=0.0050 steps=30 -> STRICT
[327/750] lam=0.00 staged_wide    s2 t6 err=0.0035 steps=28 -> STRICT
[328/750] lam=0.00 staged_wide    s2 t7 err=0.0049 steps=36 -> STRICT
[329/750] lam=0.00 staged_wide    s2 t8 err=0.0094 steps=34 -> STRICT
[330/750] lam=0.00 staged_wide    s2 t9 err=0.0110 steps=42 -> STRICT
[331/750] lam=0.00 staged_narrow  s2 t0 err=0.0120 steps=39 -> STRICT
[332/750] lam=0.00 staged_narrow  s2 t1 err=0.0161 steps=120 -> miss
[333/750] lam=0.00 staged_narrow  s2 t2 err=0.0174 steps=120 -> miss
[334/750] lam=0.00 staged_narrow  s2 t3 err=0.0094 steps=35 -> STRICT
[335/750] lam=0.00 staged_narrow  s2 t4 err=0.0150 steps=120 -> miss
[336/750] lam=0.00 staged_narrow  s2 t5 err=0.0100 steps=31 -> STRICT
[337/750] lam=0.00 staged_narrow  s2 t6 err=0.0186 steps=10 -> STRICT
[338/750] lam=0.00 staged_narrow  s2 t7 err=0.0153 steps=120 -> miss
[339/750] lam=0.00 staged_narrow  s2 t8 err=0.0106 steps=12 -> STRICT
[340/750] lam=0.00 staged_narrow  s2 t9 err=0.0133 steps=13 -> STRICT
[341/750] lam=0.00 anneal         s2 t0 err=0.0108 steps=30 -> STRICT
[342/750] lam=0.00 anneal         s2 t1 err=0.0126 steps=13 -> STRICT
[343/750] lam=0.00 anneal         s2 t2 err=0.0155 steps=17 -> STRICT
[344/750] lam=0.00 anneal         s2 t3 err=0.0065 steps=10 -> STRICT
[345/750] lam=0.00 anneal         s2 t4 err=0.0132 steps=10 -> STRICT
[346/750] lam=0.00 anneal         s2 t5 err=0.0052 steps=24 -> STRICT
[347/750] lam=0.00 anneal         s2 t6 err=0.0112 steps=15 -> STRICT
[348/750] lam=0.00 anneal         s2 t7 err=0.0109 steps=10 -> STRICT
[349/750] lam=0.00 anneal         s2 t8 err=0.0045 steps=16 -> STRICT
[350/750] lam=0.00 anneal         s2 t9 err=0.0092 steps=22 -> STRICT
[351/750] lam=0.50 single_wide    s2 t0 err=0.0187 steps=120 -> miss
[352/750] lam=0.50 single_wide    s2 t1 err=0.0225 steps=120 -> miss
[353/750] lam=0.50 single_wide    s2 t2 err=0.0256 steps=120 -> miss
[354/750] lam=0.50 single_wide    s2 t3 err=0.0160 steps=12 -> STRICT
[355/750] lam=0.50 single_wide    s2 t4 err=0.0212 steps=120 -> miss
[356/750] lam=0.50 single_wide    s2 t5 err=0.0159 steps=120 -> miss
[357/750] lam=0.50 single_wide    s2 t6 err=0.0225 steps=120 -> miss
[358/750] lam=0.50 single_wide    s2 t7 err=0.0210 steps=120 -> miss
[359/750] lam=0.50 single_wide    s2 t8 err=0.0164 steps=18 -> STRICT
[360/750] lam=0.50 single_wide    s2 t9 err=0.0248 steps=24 -> STRICT
[361/750] lam=0.50 single_narrow  s2 t0 err=0.0232 steps=120 -> miss
[362/750] lam=0.50 single_narrow  s2 t1 err=0.0277 steps=120 -> miss
[363/750] lam=0.50 single_narrow  s2 t2 err=0.0294 steps=120 -> miss
[364/750] lam=0.50 single_narrow  s2 t3 err=0.0204 steps=13 -> STRICT
[365/750] lam=0.50 single_narrow  s2 t4 err=0.0275 steps=120 -> miss
[366/750] lam=0.50 single_narrow  s2 t5 err=0.0197 steps=120 -> miss
[367/750] lam=0.50 single_narrow  s2 t6 err=0.0278 steps=120 -> miss
[368/750] lam=0.50 single_narrow  s2 t7 err=0.0269 steps=120 -> miss
[369/750] lam=0.50 single_narrow  s2 t8 err=0.0204 steps=120 -> miss
[370/750] lam=0.50 single_narrow  s2 t9 err=0.0310 steps=120 -> miss
[371/750] lam=0.50 staged_wide    s2 t0 err=0.0160 steps=120 -> miss
[372/750] lam=0.50 staged_wide    s2 t1 err=0.0167 steps=17 -> STRICT
[373/750] lam=0.50 staged_wide    s2 t2 err=0.0230 steps=120 -> miss
[374/750] lam=0.50 staged_wide    s2 t3 err=0.0147 steps=11 -> STRICT
[375/750] lam=0.50 staged_wide    s2 t4 err=0.0179 steps=11 -> STRICT
[376/750] lam=0.50 staged_wide    s2 t5 err=0.0170 steps=66 -> STRICT
[377/750] lam=0.50 staged_wide    s2 t6 err=0.0201 steps=15 -> STRICT
[378/750] lam=0.50 staged_wide    s2 t7 err=0.0178 steps=120 -> miss
[379/750] lam=0.50 staged_wide    s2 t8 err=0.0132 steps=17 -> STRICT
[380/750] lam=0.50 staged_wide    s2 t9 err=0.0207 steps=21 -> STRICT
[381/750] lam=0.50 staged_narrow  s2 t0 err=0.0171 steps=120 -> miss
[382/750] lam=0.50 staged_narrow  s2 t1 err=0.0203 steps=120 -> miss
[383/750] lam=0.50 staged_narrow  s2 t2 err=0.0221 steps=120 -> miss
[384/750] lam=0.50 staged_narrow  s2 t3 err=0.0153 steps=120 -> miss
[385/750] lam=0.50 staged_narrow  s2 t4 err=0.0199 steps=120 -> miss
[386/750] lam=0.50 staged_narrow  s2 t5 err=0.0153 steps=120 -> miss
[387/750] lam=0.50 staged_narrow  s2 t6 err=0.0195 steps=120 -> miss
[388/750] lam=0.50 staged_narrow  s2 t7 err=0.0202 steps=120 -> miss
[389/750] lam=0.50 staged_narrow  s2 t8 err=0.0151 steps=120 -> miss
[390/750] lam=0.50 staged_narrow  s2 t9 err=0.0229 steps=120 -> miss
[391/750] lam=0.50 anneal         s2 t0 err=0.0180 steps=120 -> miss
[392/750] lam=0.50 anneal         s2 t1 err=0.0196 steps=120 -> miss
[393/750] lam=0.50 anneal         s2 t2 err=0.0219 steps=120 -> miss
[394/750] lam=0.50 anneal         s2 t3 err=0.0168 steps=8 -> STRICT
[395/750] lam=0.50 anneal         s2 t4 err=0.0191 steps=120 -> miss
[396/750] lam=0.50 anneal         s2 t5 err=0.0148 steps=120 -> miss
[397/750] lam=0.50 anneal         s2 t6 err=0.0198 steps=9 -> STRICT
[398/750] lam=0.50 anneal         s2 t7 err=0.0192 steps=120 -> miss
[399/750] lam=0.50 anneal         s2 t8 err=0.0158 steps=12 -> STRICT
[400/750] lam=0.50 anneal         s2 t9 err=0.0195 steps=14 -> STRICT
[401/750] lam=1.00 single_wide    s2 t0 err=0.0187 steps=84 -> STRICT
[402/750] lam=1.00 single_wide    s2 t1 err=0.0292 steps=46 -> STRICT
[403/750] lam=1.00 single_wide    s2 t2 err=0.0296 steps=120 -> miss
[404/750] lam=1.00 single_wide    s2 t3 err=0.0225 steps=46 -> STRICT
[405/750] lam=1.00 single_wide    s2 t4 err=0.0290 steps=120 -> miss
[406/750] lam=1.00 single_wide    s2 t5 err=0.0223 steps=120 -> miss
[407/750] lam=1.00 single_wide    s2 t6 err=0.0291 steps=120 -> miss
[408/750] lam=1.00 single_wide    s2 t7 err=0.0280 steps=120 -> miss
[409/750] lam=1.00 single_wide    s2 t8 err=0.0230 steps=120 -> miss
[410/750] lam=1.00 single_wide    s2 t9 err=0.0329 steps=120 -> miss
[411/750] lam=1.00 single_narrow  s2 t0 err=0.1340 steps=120 -> miss
[412/750] lam=1.00 single_narrow  s2 t1 err=0.0300 steps=120 -> miss
[413/750] lam=1.00 single_narrow  s2 t2 err=0.0367 steps=68 -> STRICT
[414/750] lam=1.00 single_narrow  s2 t3 err=0.0350 steps=120 -> miss
[415/750] lam=1.00 single_narrow  s2 t4 err=0.0261 steps=120 -> miss
[416/750] lam=1.00 single_narrow  s2 t5 err=0.0243 steps=120 -> miss
[417/750] lam=1.00 single_narrow  s2 t6 err=0.0304 steps=120 -> miss
[418/750] lam=1.00 single_narrow  s2 t7 err=0.0288 steps=120 -> miss
[419/750] lam=1.00 single_narrow  s2 t8 err=0.0248 steps=120 -> miss
[420/750] lam=1.00 single_narrow  s2 t9 err=0.0348 steps=120 -> miss
[421/750] lam=1.00 staged_wide    s2 t0 err=0.0164 steps=38 -> STRICT
[422/750] lam=1.00 staged_wide    s2 t1 err=0.0262 steps=120 -> miss
[423/750] lam=1.00 staged_wide    s2 t2 err=0.0288 steps=120 -> miss
[424/750] lam=1.00 staged_wide    s2 t3 err=0.0265 steps=78 -> STRICT
[425/750] lam=1.00 staged_wide    s2 t4 err=0.0251 steps=120 -> miss
[426/750] lam=1.00 staged_wide    s2 t5 err=0.0258 steps=120 -> miss
[427/750] lam=1.00 staged_wide    s2 t6 err=0.0255 steps=120 -> miss
[428/750] lam=1.00 staged_wide    s2 t7 err=0.0265 steps=120 -> miss
[429/750] lam=1.00 staged_wide    s2 t8 err=0.0224 steps=120 -> miss
[430/750] lam=1.00 staged_wide    s2 t9 err=0.0307 steps=120 -> miss
[431/750] lam=1.00 staged_narrow  s2 t0 err=0.0211 steps=54 -> STRICT
[432/750] lam=1.00 staged_narrow  s2 t1 err=0.0258 steps=120 -> miss
[433/750] lam=1.00 staged_narrow  s2 t2 err=0.0282 steps=30 -> STRICT
[434/750] lam=1.00 staged_narrow  s2 t3 err=0.0217 steps=28 -> STRICT
[435/750] lam=1.00 staged_narrow  s2 t4 err=0.0253 steps=120 -> miss
[436/750] lam=1.00 staged_narrow  s2 t5 err=0.0227 steps=120 -> miss
[437/750] lam=1.00 staged_narrow  s2 t6 err=0.0258 steps=120 -> miss
[438/750] lam=1.00 staged_narrow  s2 t7 err=0.0269 steps=120 -> miss
[439/750] lam=1.00 staged_narrow  s2 t8 err=0.0219 steps=120 -> miss
[440/750] lam=1.00 staged_narrow  s2 t9 err=0.0305 steps=120 -> miss
[441/750] lam=1.00 anneal         s2 t0 err=0.0218 steps=120 -> miss
[442/750] lam=1.00 anneal         s2 t1 err=0.0238 steps=120 -> miss
[443/750] lam=1.00 anneal         s2 t2 err=0.0285 steps=120 -> miss
[444/750] lam=1.00 anneal         s2 t3 err=0.0247 steps=120 -> miss
[445/750] lam=1.00 anneal         s2 t4 err=0.0238 steps=120 -> miss
[446/750] lam=1.00 anneal         s2 t5 err=0.0215 steps=120 -> miss
[447/750] lam=1.00 anneal         s2 t6 err=0.0253 steps=120 -> miss
[448/750] lam=1.00 anneal         s2 t7 err=0.0264 steps=120 -> miss
[449/750] lam=1.00 anneal         s2 t8 err=0.0250 steps=120 -> miss
[450/750] lam=1.00 anneal         s2 t9 err=0.0287 steps=120 -> miss
  loaded phys_bilinear_r20_seed3.pt
[451/750] lam=0.00 single_wide    s3 t0 err=0.0082 steps=47 -> STRICT
[452/750] lam=0.00 single_wide    s3 t1 err=0.0036 steps=43 -> STRICT
[453/750] lam=0.00 single_wide    s3 t2 err=0.0076 steps=56 -> STRICT
[454/750] lam=0.00 single_wide    s3 t3 err=0.0069 steps=17 -> STRICT
[455/750] lam=0.00 single_wide    s3 t4 err=0.0095 steps=17 -> STRICT
[456/750] lam=0.00 single_wide    s3 t5 err=0.0063 steps=36 -> STRICT
[457/750] lam=0.00 single_wide    s3 t6 err=0.0011 steps=46 -> STRICT
[458/750] lam=0.00 single_wide    s3 t7 err=0.0085 steps=21 -> STRICT
[459/750] lam=0.00 single_wide    s3 t8 err=0.0049 steps=41 -> STRICT
[460/750] lam=0.00 single_wide    s3 t9 err=0.0009 steps=58 -> STRICT
[461/750] lam=0.00 single_narrow  s3 t0 err=0.0234 steps=120 -> miss
[462/750] lam=0.00 single_narrow  s3 t1 err=0.0153 steps=26 -> STRICT
[463/750] lam=0.00 single_narrow  s3 t2 err=0.0145 steps=120 -> miss
[464/750] lam=0.00 single_narrow  s3 t3 err=0.0212 steps=16 -> STRICT
[465/750] lam=0.00 single_narrow  s3 t4 err=0.0120 steps=16 -> STRICT
[466/750] lam=0.00 single_narrow  s3 t5 err=0.0126 steps=120 -> miss
[467/750] lam=0.00 single_narrow  s3 t6 err=0.0199 steps=120 -> miss
[468/750] lam=0.00 single_narrow  s3 t7 err=0.0106 steps=72 -> STRICT
[469/750] lam=0.00 single_narrow  s3 t8 err=0.0188 steps=27 -> STRICT
[470/750] lam=0.00 single_narrow  s3 t9 err=0.0126 steps=28 -> STRICT
[471/750] lam=0.00 staged_wide    s3 t0 err=0.0094 steps=35 -> STRICT
[472/750] lam=0.00 staged_wide    s3 t1 err=0.0043 steps=43 -> STRICT
[473/750] lam=0.00 staged_wide    s3 t2 err=0.0138 steps=42 -> STRICT
[474/750] lam=0.00 staged_wide    s3 t3 err=0.0095 steps=15 -> STRICT
[475/750] lam=0.00 staged_wide    s3 t4 err=0.0099 steps=15 -> STRICT
[476/750] lam=0.00 staged_wide    s3 t5 err=0.0046 steps=31 -> STRICT
[477/750] lam=0.00 staged_wide    s3 t6 err=0.0068 steps=39 -> STRICT
[478/750] lam=0.00 staged_wide    s3 t7 err=0.0104 steps=18 -> STRICT
[479/750] lam=0.00 staged_wide    s3 t8 err=0.0057 steps=37 -> STRICT
[480/750] lam=0.00 staged_wide    s3 t9 err=0.0053 steps=62 -> STRICT
[481/750] lam=0.00 staged_narrow  s3 t0 err=0.0138 steps=120 -> miss
[482/750] lam=0.00 staged_narrow  s3 t1 err=0.0091 steps=14 -> STRICT
[483/750] lam=0.00 staged_narrow  s3 t2 err=0.0129 steps=14 -> STRICT
[484/750] lam=0.00 staged_narrow  s3 t3 err=0.0130 steps=120 -> miss
[485/750] lam=0.00 staged_narrow  s3 t4 err=0.0063 steps=13 -> STRICT
[486/750] lam=0.00 staged_narrow  s3 t5 err=0.0082 steps=29 -> STRICT
[487/750] lam=0.00 staged_narrow  s3 t6 err=0.0160 steps=13 -> STRICT
[488/750] lam=0.00 staged_narrow  s3 t7 err=0.0073 steps=13 -> STRICT
[489/750] lam=0.00 staged_narrow  s3 t8 err=0.0126 steps=17 -> STRICT
[490/750] lam=0.00 staged_narrow  s3 t9 err=0.0057 steps=13 -> STRICT
[491/750] lam=0.00 anneal         s3 t0 err=0.0125 steps=20 -> STRICT
[492/750] lam=0.00 anneal         s3 t1 err=0.0077 steps=15 -> STRICT
[493/750] lam=0.00 anneal         s3 t2 err=0.0132 steps=22 -> STRICT
[494/750] lam=0.00 anneal         s3 t3 err=0.0112 steps=10 -> STRICT
[495/750] lam=0.00 anneal         s3 t4 err=0.0094 steps=10 -> STRICT
[496/750] lam=0.00 anneal         s3 t5 err=0.0058 steps=27 -> STRICT
[497/750] lam=0.00 anneal         s3 t6 err=0.0110 steps=18 -> STRICT
[498/750] lam=0.00 anneal         s3 t7 err=0.0021 steps=11 -> STRICT
[499/750] lam=0.00 anneal         s3 t8 err=0.0091 steps=22 -> STRICT
[500/750] lam=0.00 anneal         s3 t9 err=0.0059 steps=25 -> STRICT
[501/750] lam=0.50 single_wide    s3 t0 err=0.0191 steps=120 -> miss
[502/750] lam=0.50 single_wide    s3 t1 err=0.0105 steps=27 -> STRICT
[503/750] lam=0.50 single_wide    s3 t2 err=0.0170 steps=28 -> STRICT
[504/750] lam=0.50 single_wide    s3 t3 err=0.0174 steps=13 -> STRICT
[505/750] lam=0.50 single_wide    s3 t4 err=0.0078 steps=16 -> STRICT
[506/750] lam=0.50 single_wide    s3 t5 err=0.0109 steps=49 -> STRICT
[507/750] lam=0.50 single_wide    s3 t6 err=0.0156 steps=22 -> STRICT
[508/750] lam=0.50 single_wide    s3 t7 err=0.0073 steps=23 -> STRICT
[509/750] lam=0.50 single_wide    s3 t8 err=0.0167 steps=22 -> STRICT
[510/750] lam=0.50 single_wide    s3 t9 err=0.0122 steps=28 -> STRICT
[511/750] lam=0.50 single_narrow  s3 t0 err=0.0237 steps=120 -> miss
[512/750] lam=0.50 single_narrow  s3 t1 err=0.0136 steps=120 -> miss
[513/750] lam=0.50 single_narrow  s3 t2 err=0.0185 steps=120 -> miss
[514/750] lam=0.50 single_narrow  s3 t3 err=0.0229 steps=120 -> miss
[515/750] lam=0.50 single_narrow  s3 t4 err=0.0130 steps=120 -> miss
[516/750] lam=0.50 single_narrow  s3 t5 err=0.0135 steps=120 -> miss
[517/750] lam=0.50 single_narrow  s3 t6 err=0.0204 steps=120 -> miss
[518/750] lam=0.50 single_narrow  s3 t7 err=0.0123 steps=120 -> miss
[519/750] lam=0.50 single_narrow  s3 t8 err=0.0209 steps=120 -> miss
[520/750] lam=0.50 single_narrow  s3 t9 err=0.0156 steps=120 -> miss
[521/750] lam=0.50 staged_wide    s3 t0 err=0.0187 steps=24 -> STRICT
[522/750] lam=0.50 staged_wide    s3 t1 err=0.0075 steps=19 -> STRICT
[523/750] lam=0.50 staged_wide    s3 t2 err=0.0166 steps=25 -> STRICT
[524/750] lam=0.50 staged_wide    s3 t3 err=0.0155 steps=11 -> STRICT
[525/750] lam=0.50 staged_wide    s3 t4 err=0.0058 steps=11 -> STRICT
[526/750] lam=0.50 staged_wide    s3 t5 err=0.0111 steps=34 -> STRICT
[527/750] lam=0.50 staged_wide    s3 t6 err=0.0146 steps=16 -> STRICT
[528/750] lam=0.50 staged_wide    s3 t7 err=0.0074 steps=23 -> STRICT
[529/750] lam=0.50 staged_wide    s3 t8 err=0.0146 steps=22 -> STRICT
[530/750] lam=0.50 staged_wide    s3 t9 err=0.0113 steps=26 -> STRICT
[531/750] lam=0.50 staged_narrow  s3 t0 err=0.0181 steps=120 -> miss
[532/750] lam=0.50 staged_narrow  s3 t1 err=0.0105 steps=23 -> STRICT
[533/750] lam=0.50 staged_narrow  s3 t2 err=0.0145 steps=120 -> miss
[534/750] lam=0.50 staged_narrow  s3 t3 err=0.0176 steps=120 -> miss
[535/750] lam=0.50 staged_narrow  s3 t4 err=0.0090 steps=13 -> STRICT
[536/750] lam=0.50 staged_narrow  s3 t5 err=0.0108 steps=49 -> STRICT
[537/750] lam=0.50 staged_narrow  s3 t6 err=0.0151 steps=13 -> STRICT
[538/750] lam=0.50 staged_narrow  s3 t7 err=0.0100 steps=20 -> STRICT
[539/750] lam=0.50 staged_narrow  s3 t8 err=0.0154 steps=15 -> STRICT
[540/750] lam=0.50 staged_narrow  s3 t9 err=0.0117 steps=14 -> STRICT
[541/750] lam=0.50 anneal         s3 t0 err=0.0196 steps=120 -> miss
[542/750] lam=0.50 anneal         s3 t1 err=0.0099 steps=14 -> STRICT
[543/750] lam=0.50 anneal         s3 t2 err=0.0154 steps=16 -> STRICT
[544/750] lam=0.50 anneal         s3 t3 err=0.0184 steps=120 -> miss
[545/750] lam=0.50 anneal         s3 t4 err=0.0091 steps=10 -> STRICT
[546/750] lam=0.50 anneal         s3 t5 err=0.0106 steps=34 -> STRICT
[547/750] lam=0.50 anneal         s3 t6 err=0.0151 steps=13 -> STRICT
[548/750] lam=0.50 anneal         s3 t7 err=0.0080 steps=19 -> STRICT
[549/750] lam=0.50 anneal         s3 t8 err=0.0154 steps=13 -> STRICT
[550/750] lam=0.50 anneal         s3 t9 err=0.0094 steps=18 -> STRICT
[551/750] lam=1.00 single_wide    s3 t0 err=0.6676 steps=120 -> miss
[552/750] lam=1.00 single_wide    s3 t1 err=0.3939 steps=120 -> miss
[553/750] lam=1.00 single_wide    s3 t2 err=1.2540 steps=120 -> miss
[554/750] lam=1.00 single_wide    s3 t3 err=0.0643 steps=120 -> miss
[555/750] lam=1.00 single_wide    s3 t4 err=0.6952 steps=120 -> miss
[556/750] lam=1.00 single_wide    s3 t5 err=0.0334 steps=120 -> miss
[557/750] lam=1.00 single_wide    s3 t6 err=1.2406 steps=120 -> miss
[558/750] lam=1.00 single_wide    s3 t7 err=0.6841 steps=120 -> miss
[559/750] lam=1.00 single_wide    s3 t8 err=0.0046 steps=116 -> STRICT
[560/750] lam=1.00 single_wide    s3 t9 err=0.3658 steps=120 -> miss
[561/750] lam=1.00 single_narrow  s3 t0 err=0.7229 steps=120 -> miss
[562/750] lam=1.00 single_narrow  s3 t1 err=0.1971 steps=120 -> miss
[563/750] lam=1.00 single_narrow  s3 t2 err=1.2284 steps=120 -> miss
[564/750] lam=1.00 single_narrow  s3 t3 err=0.1766 steps=120 -> miss
[565/750] lam=1.00 single_narrow  s3 t4 err=0.4486 steps=120 -> miss
[566/750] lam=1.00 single_narrow  s3 t5 err=0.8826 steps=120 -> miss
[567/750] lam=1.00 single_narrow  s3 t6 err=1.2842 steps=120 -> miss
[568/750] lam=1.00 single_narrow  s3 t7 err=0.4182 steps=120 -> miss
[569/750] lam=1.00 single_narrow  s3 t8 err=0.1958 steps=120 -> miss
[570/750] lam=1.00 single_narrow  s3 t9 err=0.9042 steps=120 -> miss
[571/750] lam=1.00 staged_wide    s3 t0 err=0.6617 steps=120 -> miss
[572/750] lam=1.00 staged_wide    s3 t1 err=0.3558 steps=120 -> miss
[573/750] lam=1.00 staged_wide    s3 t2 err=1.2494 steps=120 -> miss
[574/750] lam=1.00 staged_wide    s3 t3 err=0.0213 steps=120 -> miss
[575/750] lam=1.00 staged_wide    s3 t4 err=0.6748 steps=120 -> miss
[576/750] lam=1.00 staged_wide    s3 t5 err=0.0378 steps=120 -> miss
[577/750] lam=1.00 staged_wide    s3 t6 err=1.2455 steps=120 -> miss
[578/750] lam=1.00 staged_wide    s3 t7 err=0.6847 steps=120 -> miss
[579/750] lam=1.00 staged_wide    s3 t8 err=0.0098 steps=92 -> STRICT
[580/750] lam=1.00 staged_wide    s3 t9 err=0.3674 steps=120 -> miss
[581/750] lam=1.00 staged_narrow  s3 t0 err=0.8053 steps=120 -> miss
[582/750] lam=1.00 staged_narrow  s3 t1 err=0.9498 steps=120 -> miss
[583/750] lam=1.00 staged_narrow  s3 t2 err=1.2284 steps=120 -> miss
[584/750] lam=1.00 staged_narrow  s3 t3 err=0.0596 steps=120 -> miss
[585/750] lam=1.00 staged_narrow  s3 t4 err=0.6642 steps=120 -> miss
[586/750] lam=1.00 staged_narrow  s3 t5 err=0.6894 steps=120 -> miss
[587/750] lam=1.00 staged_narrow  s3 t6 err=1.2848 steps=120 -> miss
[588/750] lam=1.00 staged_narrow  s3 t7 err=0.6099 steps=120 -> miss
[589/750] lam=1.00 staged_narrow  s3 t8 err=0.0118 steps=69 -> STRICT
[590/750] lam=1.00 staged_narrow  s3 t9 err=1.2034 steps=120 -> miss
[591/750] lam=1.00 anneal         s3 t0 err=0.7322 steps=120 -> miss
[592/750] lam=1.00 anneal         s3 t1 err=0.6906 steps=120 -> miss
[593/750] lam=1.00 anneal         s3 t2 err=1.2284 steps=120 -> miss
[594/750] lam=1.00 anneal         s3 t3 err=0.0258 steps=120 -> miss
[595/750] lam=1.00 anneal         s3 t4 err=0.5874 steps=120 -> miss
[596/750] lam=1.00 anneal         s3 t5 err=0.0588 steps=85 -> STRICT
[597/750] lam=1.00 anneal         s3 t6 err=1.2840 steps=120 -> miss
[598/750] lam=1.00 anneal         s3 t7 err=0.5107 steps=120 -> miss
[599/750] lam=1.00 anneal         s3 t8 err=0.0213 steps=76 -> STRICT
[600/750] lam=1.00 anneal         s3 t9 err=0.2550 steps=120 -> miss
  loaded phys_bilinear_r20_seed4.pt
[601/750] lam=0.00 single_wide    s4 t0 err=0.0097 steps=71 -> STRICT
[602/750] lam=0.00 single_wide    s4 t1 err=0.0143 steps=120 -> miss
[603/750] lam=0.00 single_wide    s4 t2 err=0.0137 steps=64 -> STRICT
[604/750] lam=0.00 single_wide    s4 t3 err=0.0084 steps=20 -> STRICT
[605/750] lam=0.00 single_wide    s4 t4 err=0.0047 steps=17 -> STRICT
[606/750] lam=0.00 single_wide    s4 t5 err=0.0045 steps=37 -> STRICT
[607/750] lam=0.00 single_wide    s4 t6 err=0.0070 steps=39 -> STRICT
[608/750] lam=0.00 single_wide    s4 t7 err=0.0076 steps=45 -> STRICT
[609/750] lam=0.00 single_wide    s4 t8 err=0.0028 steps=38 -> STRICT
[610/750] lam=0.00 single_wide    s4 t9 err=0.0114 steps=58 -> STRICT
[611/750] lam=0.00 single_narrow  s4 t0 err=0.0167 steps=120 -> miss
[612/750] lam=0.00 single_narrow  s4 t1 err=0.0348 steps=120 -> miss
[613/750] lam=0.00 single_narrow  s4 t2 err=0.0271 steps=120 -> miss
[614/750] lam=0.00 single_narrow  s4 t3 err=0.0149 steps=16 -> STRICT
[615/750] lam=0.00 single_narrow  s4 t4 err=0.0277 steps=120 -> miss
[616/750] lam=0.00 single_narrow  s4 t5 err=0.0148 steps=120 -> miss
[617/750] lam=0.00 single_narrow  s4 t6 err=0.0285 steps=120 -> miss
[618/750] lam=0.00 single_narrow  s4 t7 err=0.0256 steps=120 -> miss
[619/750] lam=0.00 single_narrow  s4 t8 err=0.0189 steps=29 -> STRICT
[620/750] lam=0.00 single_narrow  s4 t9 err=0.0299 steps=25 -> STRICT
[621/750] lam=0.00 staged_wide    s4 t0 err=0.0131 steps=120 -> miss
[622/750] lam=0.00 staged_wide    s4 t1 err=0.0072 steps=45 -> STRICT
[623/750] lam=0.00 staged_wide    s4 t2 err=0.0139 steps=46 -> STRICT
[624/750] lam=0.00 staged_wide    s4 t3 err=0.0181 steps=34 -> STRICT
[625/750] lam=0.00 staged_wide    s4 t4 err=0.0069 steps=15 -> STRICT
[626/750] lam=0.00 staged_wide    s4 t5 err=0.0035 steps=31 -> STRICT
[627/750] lam=0.00 staged_wide    s4 t6 err=0.0139 steps=47 -> STRICT
[628/750] lam=0.00 staged_wide    s4 t7 err=0.0039 steps=36 -> STRICT
[629/750] lam=0.00 staged_wide    s4 t8 err=0.0120 steps=51 -> STRICT
[630/750] lam=0.00 staged_wide    s4 t9 err=0.0117 steps=50 -> STRICT
[631/750] lam=0.00 staged_narrow  s4 t0 err=0.0077 steps=33 -> STRICT
[632/750] lam=0.00 staged_narrow  s4 t1 err=0.0204 steps=120 -> miss
[633/750] lam=0.00 staged_narrow  s4 t2 err=0.0184 steps=120 -> miss
[634/750] lam=0.00 staged_narrow  s4 t3 err=0.0085 steps=8 -> STRICT
[635/750] lam=0.00 staged_narrow  s4 t4 err=0.0145 steps=120 -> miss
[636/750] lam=0.00 staged_narrow  s4 t5 err=0.0090 steps=30 -> STRICT
[637/750] lam=0.00 staged_narrow  s4 t6 err=0.0205 steps=14 -> STRICT
[638/750] lam=0.00 staged_narrow  s4 t7 err=0.0151 steps=120 -> miss
[639/750] lam=0.00 staged_narrow  s4 t8 err=0.0122 steps=14 -> STRICT
[640/750] lam=0.00 staged_narrow  s4 t9 err=0.0126 steps=17 -> STRICT
[641/750] lam=0.00 anneal         s4 t0 err=0.0033 steps=22 -> STRICT
[642/750] lam=0.00 anneal         s4 t1 err=0.0143 steps=16 -> STRICT
[643/750] lam=0.00 anneal         s4 t2 err=0.0134 steps=26 -> STRICT
[644/750] lam=0.00 anneal         s4 t3 err=0.0091 steps=18 -> STRICT
[645/750] lam=0.00 anneal         s4 t4 err=0.0077 steps=10 -> STRICT
[646/750] lam=0.00 anneal         s4 t5 err=0.0024 steps=24 -> STRICT
[647/750] lam=0.00 anneal         s4 t6 err=0.0100 steps=22 -> STRICT
[648/750] lam=0.00 anneal         s4 t7 err=0.0093 steps=22 -> STRICT
[649/750] lam=0.00 anneal         s4 t8 err=0.0059 steps=26 -> STRICT
[650/750] lam=0.00 anneal         s4 t9 err=0.0070 steps=24 -> STRICT
[651/750] lam=0.50 single_wide    s4 t0 err=0.0119 steps=120 -> miss
[652/750] lam=0.50 single_wide    s4 t1 err=0.0265 steps=120 -> miss
[653/750] lam=0.50 single_wide    s4 t2 err=0.0267 steps=120 -> miss
[654/750] lam=0.50 single_wide    s4 t3 err=0.0107 steps=13 -> STRICT
[655/750] lam=0.50 single_wide    s4 t4 err=0.0215 steps=120 -> miss
[656/750] lam=0.50 single_wide    s4 t5 err=0.0132 steps=120 -> miss
[657/750] lam=0.50 single_wide    s4 t6 err=0.0211 steps=120 -> miss
[658/750] lam=0.50 single_wide    s4 t7 err=0.0213 steps=120 -> miss
[659/750] lam=0.50 single_wide    s4 t8 err=0.0152 steps=23 -> STRICT
[660/750] lam=0.50 single_wide    s4 t9 err=0.0271 steps=120 -> miss
[661/750] lam=0.50 single_narrow  s4 t0 err=0.0169 steps=120 -> miss
[662/750] lam=0.50 single_narrow  s4 t1 err=0.0320 steps=120 -> miss
[663/750] lam=0.50 single_narrow  s4 t2 err=0.0303 steps=120 -> miss
[664/750] lam=0.50 single_narrow  s4 t3 err=0.0160 steps=120 -> miss
[665/750] lam=0.50 single_narrow  s4 t4 err=0.0285 steps=120 -> miss
[666/750] lam=0.50 single_narrow  s4 t5 err=0.0168 steps=120 -> miss
[667/750] lam=0.50 single_narrow  s4 t6 err=0.0268 steps=120 -> miss
[668/750] lam=0.50 single_narrow  s4 t7 err=0.0269 steps=120 -> miss
[669/750] lam=0.50 single_narrow  s4 t8 err=0.0201 steps=120 -> miss
[670/750] lam=0.50 single_narrow  s4 t9 err=0.0348 steps=120 -> miss
[671/750] lam=0.50 staged_wide    s4 t0 err=0.0104 steps=24 -> STRICT
[672/750] lam=0.50 staged_wide    s4 t1 err=0.0213 steps=120 -> miss
[673/750] lam=0.50 staged_wide    s4 t2 err=0.0245 steps=120 -> miss
[674/750] lam=0.50 staged_wide    s4 t3 err=0.0101 steps=12 -> STRICT
[675/750] lam=0.50 staged_wide    s4 t4 err=0.0177 steps=120 -> miss
[676/750] lam=0.50 staged_wide    s4 t5 err=0.0132 steps=48 -> STRICT
[677/750] lam=0.50 staged_wide    s4 t6 err=0.0189 steps=16 -> STRICT
[678/750] lam=0.50 staged_wide    s4 t7 err=0.0172 steps=120 -> miss
[679/750] lam=0.50 staged_wide    s4 t8 err=0.0121 steps=18 -> STRICT
[680/750] lam=0.50 staged_wide    s4 t9 err=0.0215 steps=120 -> miss
[681/750] lam=0.50 staged_narrow  s4 t0 err=0.0120 steps=120 -> miss
[682/750] lam=0.50 staged_narrow  s4 t1 err=0.0238 steps=120 -> miss
[683/750] lam=0.50 staged_narrow  s4 t2 err=0.0230 steps=120 -> miss
[684/750] lam=0.50 staged_narrow  s4 t3 err=0.0124 steps=81 -> STRICT
[685/750] lam=0.50 staged_narrow  s4 t4 err=0.0199 steps=120 -> miss
[686/750] lam=0.50 staged_narrow  s4 t5 err=0.0127 steps=120 -> miss
[687/750] lam=0.50 staged_narrow  s4 t6 err=0.0190 steps=120 -> miss
[688/750] lam=0.50 staged_narrow  s4 t7 err=0.0198 steps=120 -> miss
[689/750] lam=0.50 staged_narrow  s4 t8 err=0.0149 steps=15 -> STRICT
[690/750] lam=0.50 staged_narrow  s4 t9 err=0.0249 steps=120 -> miss
[691/750] lam=0.50 anneal         s4 t0 err=0.0122 steps=39 -> STRICT
[692/750] lam=0.50 anneal         s4 t1 err=0.0236 steps=120 -> miss
[693/750] lam=0.50 anneal         s4 t2 err=0.0236 steps=120 -> miss
[694/750] lam=0.50 anneal         s4 t3 err=0.0131 steps=17 -> STRICT
[695/750] lam=0.50 anneal         s4 t4 err=0.0182 steps=120 -> miss
[696/750] lam=0.50 anneal         s4 t5 err=0.0108 steps=48 -> STRICT
[697/750] lam=0.50 anneal         s4 t6 err=0.0187 steps=14 -> STRICT
[698/750] lam=0.50 anneal         s4 t7 err=0.0181 steps=120 -> miss
[699/750] lam=0.50 anneal         s4 t8 err=0.0151 steps=13 -> STRICT
[700/750] lam=0.50 anneal         s4 t9 err=0.0206 steps=120 -> miss
[701/750] lam=1.00 single_wide    s4 t0 err=1.1625 steps=120 -> miss
[702/750] lam=1.00 single_wide    s4 t1 err=0.4406 steps=120 -> miss
[703/750] lam=1.00 single_wide    s4 t2 err=1.2417 steps=120 -> miss
[704/750] lam=1.00 single_wide    s4 t3 err=0.3601 steps=120 -> miss
[705/750] lam=1.00 single_wide    s4 t4 err=0.5566 steps=120 -> miss
[706/750] lam=1.00 single_wide    s4 t5 err=0.0388 steps=120 -> miss
[707/750] lam=1.00 single_wide    s4 t6 err=1.3018 steps=120 -> miss
[708/750] lam=1.00 single_wide    s4 t7 err=0.6125 steps=120 -> miss
[709/750] lam=1.00 single_wide    s4 t8 err=0.7121 steps=120 -> miss
[710/750] lam=1.00 single_wide    s4 t9 err=0.8308 steps=120 -> miss
[711/750] lam=1.00 single_narrow  s4 t0 err=1.1523 steps=120 -> miss
[712/750] lam=1.00 single_narrow  s4 t1 err=0.4418 steps=120 -> miss
[713/750] lam=1.00 single_narrow  s4 t2 err=1.2728 steps=120 -> miss
[714/750] lam=1.00 single_narrow  s4 t3 err=0.4303 steps=120 -> miss
[715/750] lam=1.00 single_narrow  s4 t4 err=0.7310 steps=120 -> miss
[716/750] lam=1.00 single_narrow  s4 t5 err=0.0292 steps=120 -> miss
[717/750] lam=1.00 single_narrow  s4 t6 err=1.2830 steps=120 -> miss
[718/750] lam=1.00 single_narrow  s4 t7 err=0.6887 steps=120 -> miss
[719/750] lam=1.00 single_narrow  s4 t8 err=1.3079 steps=120 -> miss
[720/750] lam=1.00 single_narrow  s4 t9 err=0.8106 steps=120 -> miss
[721/750] lam=1.00 staged_wide    s4 t0 err=1.1708 steps=120 -> miss
[722/750] lam=1.00 staged_wide    s4 t1 err=0.5077 steps=120 -> miss
[723/750] lam=1.00 staged_wide    s4 t2 err=1.3165 steps=120 -> miss
[724/750] lam=1.00 staged_wide    s4 t3 err=0.3715 steps=120 -> miss
[725/750] lam=1.00 staged_wide    s4 t4 err=0.5693 steps=120 -> miss
[726/750] lam=1.00 staged_wide    s4 t5 err=0.0334 steps=120 -> miss
[727/750] lam=1.00 staged_wide    s4 t6 err=1.3196 steps=120 -> miss
[728/750] lam=1.00 staged_wide    s4 t7 err=0.5858 steps=120 -> miss
[729/750] lam=1.00 staged_wide    s4 t8 err=0.4806 steps=120 -> miss
[730/750] lam=1.00 staged_wide    s4 t9 err=0.8236 steps=120 -> miss
[731/750] lam=1.00 staged_narrow  s4 t0 err=0.8360 steps=120 -> miss
[732/750] lam=1.00 staged_narrow  s4 t1 err=0.4495 steps=120 -> miss
[733/750] lam=1.00 staged_narrow  s4 t2 err=1.4060 steps=120 -> miss
[734/750] lam=1.00 staged_narrow  s4 t3 err=0.3979 steps=120 -> miss
[735/750] lam=1.00 staged_narrow  s4 t4 err=0.4056 steps=120 -> miss
[736/750] lam=1.00 staged_narrow  s4 t5 err=0.0238 steps=120 -> miss
[737/750] lam=1.00 staged_narrow  s4 t6 err=1.2935 steps=120 -> miss
[738/750] lam=1.00 staged_narrow  s4 t7 err=0.6766 steps=120 -> miss
[739/750] lam=1.00 staged_narrow  s4 t8 err=0.5212 steps=120 -> miss
[740/750] lam=1.00 staged_narrow  s4 t9 err=0.8414 steps=120 -> miss
[741/750] lam=1.00 anneal         s4 t0 err=0.8370 steps=120 -> miss
[742/750] lam=1.00 anneal         s4 t1 err=0.4752 steps=120 -> miss
[743/750] lam=1.00 anneal         s4 t2 err=1.3334 steps=120 -> miss
[744/750] lam=1.00 anneal         s4 t3 err=0.4327 steps=120 -> miss
[745/750] lam=1.00 anneal         s4 t4 err=0.6483 steps=120 -> miss
[746/750] lam=1.00 anneal         s4 t5 err=0.0246 steps=120 -> miss
[747/750] lam=1.00 anneal         s4 t6 err=1.3513 steps=120 -> miss
[748/750] lam=1.00 anneal         s4 t7 err=0.6614 steps=120 -> miss
[749/750] lam=1.00 anneal         s4 t8 err=0.5620 steps=120 -> miss
[750/750] lam=1.00 anneal         s4 t9 err=0.6320 steps=120 -> miss

done -> /home/home/mbd/koopman/mbd_koopman/exper/out/c_AD05/trials.jsonl
ALLDONE
